<?xml version="1.0" encoding="ISO-8859-1" ?>
<link_info>
   <banner>TI ARM Linker Unix v20.2.7.LTS</banner>
   <copyright>Copyright (c) 1996-2018 Texas Instruments Incorporated</copyright>
   <link_time>0x65d5fc4e</link_time>
   <link_errors>0x0</link_errors>
   <output_file>Progetto.out</output_file>
   <entry_point>
      <name>_c_int00_noargs</name>
      <address>0x7245</address>
   </entry_point>
   <input_file_list>
      <input_file id="fl-2">
         <path>./</path>
         <kind>object</kind>
         <file>main.obj</file>
         <name>main.obj</name>
      </input_file>
      <input_file id="fl-3">
         <path>./</path>
         <kind>object</kind>
         <file>startup_msp432p401r_ccs.obj</file>
         <name>startup_msp432p401r_ccs.obj</name>
      </input_file>
      <input_file id="fl-4">
         <path>./</path>
         <kind>object</kind>
         <file>system_msp432p401r.obj</file>
         <name>system_msp432p401r.obj</name>
      </input_file>
      <input_file id="fl-5">
         <path>./Functions/</path>
         <kind>object</kind>
         <file>graphic.obj</file>
         <name>graphic.obj</name>
      </input_file>
      <input_file id="fl-6">
         <path>./Functions/</path>
         <kind>object</kind>
         <file>peripherals.obj</file>
         <name>peripherals.obj</name>
      </input_file>
      <input_file id="fl-7">
         <path>./Functions/</path>
         <kind>object</kind>
         <file>timerfun.obj</file>
         <name>timerfun.obj</name>
      </input_file>
      <input_file id="fl-8">
         <path>./LcdDriver/</path>
         <kind>object</kind>
         <file>Crystalfontz128x128_ST7735.obj</file>
         <name>Crystalfontz128x128_ST7735.obj</name>
      </input_file>
      <input_file id="fl-9">
         <path>./LcdDriver/</path>
         <kind>object</kind>
         <file>HAL_MSP_EXP432P401R_Crystalfontz128x128_ST7735.obj</file>
         <name>HAL_MSP_EXP432P401R_Crystalfontz128x128_ST7735.obj</name>
      </input_file>
      <input_file id="fl-10">
         <kind>object</kind>
         <file>&lt;internal&gt;</file>
         <name>&lt;internal&gt;</name>
      </input_file>
      <input_file id="fl-c6">
         <path>/home/sam/ti/ccs1240/ccs/tools/compiler/ti-cgt-arm_20.2.7.LTS/lib/</path>
         <kind>archive</kind>
         <file>rtsv7M4_T_le_v4SPD16_eabi.lib</file>
         <name>sprintf.c.obj</name>
      </input_file>
      <input_file id="fl-c7">
         <path>/home/sam/ti/ccs1240/ccs/tools/compiler/ti-cgt-arm_20.2.7.LTS/lib/</path>
         <kind>archive</kind>
         <file>rtsv7M4_T_le_v4SPD16_eabi.lib</file>
         <name>memcpy_t2.asm.obj</name>
      </input_file>
      <input_file id="fl-c8">
         <path>/home/sam/ti/ccs1240/ccs/tools/compiler/ti-cgt-arm_20.2.7.LTS/lib/</path>
         <kind>archive</kind>
         <file>rtsv7M4_T_le_v4SPD16_eabi.lib</file>
         <name>copy_zero_init.c.obj</name>
      </input_file>
      <input_file id="fl-c9">
         <path>/home/sam/ti/ccs1240/ccs/tools/compiler/ti-cgt-arm_20.2.7.LTS/lib/</path>
         <kind>archive</kind>
         <file>rtsv7M4_T_le_v4SPD16_eabi.lib</file>
         <name>copy_decompress_none.c.obj</name>
      </input_file>
      <input_file id="fl-ca">
         <path>/home/sam/ti/ccs1240/ccs/tools/compiler/ti-cgt-arm_20.2.7.LTS/lib/</path>
         <kind>archive</kind>
         <file>rtsv7M4_T_le_v4SPD16_eabi.lib</file>
         <name>copy_decompress_lzss.c.obj</name>
      </input_file>
      <input_file id="fl-cb">
         <path>/home/sam/ti/ccs1240/ccs/tools/compiler/ti-cgt-arm_20.2.7.LTS/lib/</path>
         <kind>archive</kind>
         <file>rtsv7M4_T_le_v4SPD16_eabi.lib</file>
         <name>assert.c.obj</name>
      </input_file>
      <input_file id="fl-cc">
         <path>/home/sam/ti/ccs1240/ccs/tools/compiler/ti-cgt-arm_20.2.7.LTS/lib/</path>
         <kind>archive</kind>
         <file>rtsv7M4_T_le_v4SPD16_eabi.lib</file>
         <name>defs.c.obj</name>
      </input_file>
      <input_file id="fl-cd">
         <path>/home/sam/ti/ccs1240/ccs/tools/compiler/ti-cgt-arm_20.2.7.LTS/lib/</path>
         <kind>archive</kind>
         <file>rtsv7M4_T_le_v4SPD16_eabi.lib</file>
         <name>boot_cortex_m.c.obj</name>
      </input_file>
      <input_file id="fl-ce">
         <path>/home/sam/ti/ccs1240/ccs/tools/compiler/ti-cgt-arm_20.2.7.LTS/lib/</path>
         <kind>archive</kind>
         <file>rtsv7M4_T_le_v4SPD16_eabi.lib</file>
         <name>_printfi.c.obj</name>
      </input_file>
      <input_file id="fl-cf">
         <path>/home/sam/ti/ccs1240/ccs/tools/compiler/ti-cgt-arm_20.2.7.LTS/lib/</path>
         <kind>archive</kind>
         <file>rtsv7M4_T_le_v4SPD16_eabi.lib</file>
         <name>fflush.c.obj</name>
      </input_file>
      <input_file id="fl-d0">
         <path>/home/sam/ti/ccs1240/ccs/tools/compiler/ti-cgt-arm_20.2.7.LTS/lib/</path>
         <kind>archive</kind>
         <file>rtsv7M4_T_le_v4SPD16_eabi.lib</file>
         <name>fputs.c.obj</name>
      </input_file>
      <input_file id="fl-d1">
         <path>/home/sam/ti/ccs1240/ccs/tools/compiler/ti-cgt-arm_20.2.7.LTS/lib/</path>
         <kind>archive</kind>
         <file>rtsv7M4_T_le_v4SPD16_eabi.lib</file>
         <name>_io_perm.c.obj</name>
      </input_file>
      <input_file id="fl-d2">
         <path>/home/sam/ti/ccs1240/ccs/tools/compiler/ti-cgt-arm_20.2.7.LTS/lib/</path>
         <kind>archive</kind>
         <file>rtsv7M4_T_le_v4SPD16_eabi.lib</file>
         <name>setvbuf.c.obj</name>
      </input_file>
      <input_file id="fl-d3">
         <path>/home/sam/ti/ccs1240/ccs/tools/compiler/ti-cgt-arm_20.2.7.LTS/lib/</path>
         <kind>archive</kind>
         <file>rtsv7M4_T_le_v4SPD16_eabi.lib</file>
         <name>fd_add_t2.asm.obj</name>
      </input_file>
      <input_file id="fl-d4">
         <path>/home/sam/ti/ccs1240/ccs/tools/compiler/ti-cgt-arm_20.2.7.LTS/lib/</path>
         <kind>archive</kind>
         <file>rtsv7M4_T_le_v4SPD16_eabi.lib</file>
         <name>fd_cmp_t2.asm.obj</name>
      </input_file>
      <input_file id="fl-d5">
         <path>/home/sam/ti/ccs1240/ccs/tools/compiler/ti-cgt-arm_20.2.7.LTS/lib/</path>
         <kind>archive</kind>
         <file>rtsv7M4_T_le_v4SPD16_eabi.lib</file>
         <name>fd_div_t2.asm.obj</name>
      </input_file>
      <input_file id="fl-d6">
         <path>/home/sam/ti/ccs1240/ccs/tools/compiler/ti-cgt-arm_20.2.7.LTS/lib/</path>
         <kind>archive</kind>
         <file>rtsv7M4_T_le_v4SPD16_eabi.lib</file>
         <name>fd_mul_t2.asm.obj</name>
      </input_file>
      <input_file id="fl-d7">
         <path>/home/sam/ti/ccs1240/ccs/tools/compiler/ti-cgt-arm_20.2.7.LTS/lib/</path>
         <kind>archive</kind>
         <file>rtsv7M4_T_le_v4SPD16_eabi.lib</file>
         <name>fd_toi_t2.asm.obj</name>
      </input_file>
      <input_file id="fl-d8">
         <path>/home/sam/ti/ccs1240/ccs/tools/compiler/ti-cgt-arm_20.2.7.LTS/lib/</path>
         <kind>archive</kind>
         <file>rtsv7M4_T_le_v4SPD16_eabi.lib</file>
         <name>i_tofd_t2.asm.obj</name>
      </input_file>
      <input_file id="fl-d9">
         <path>/home/sam/ti/ccs1240/ccs/tools/compiler/ti-cgt-arm_20.2.7.LTS/lib/</path>
         <kind>archive</kind>
         <file>rtsv7M4_T_le_v4SPD16_eabi.lib</file>
         <name>memset_t2.asm.obj</name>
      </input_file>
      <input_file id="fl-da">
         <path>/home/sam/ti/ccs1240/ccs/tools/compiler/ti-cgt-arm_20.2.7.LTS/lib/</path>
         <kind>archive</kind>
         <file>rtsv7M4_T_le_v4SPD16_eabi.lib</file>
         <name>ull_div_t2.asm.obj</name>
      </input_file>
      <input_file id="fl-db">
         <path>/home/sam/ti/ccs1240/ccs/tools/compiler/ti-cgt-arm_20.2.7.LTS/lib/</path>
         <kind>archive</kind>
         <file>rtsv7M4_T_le_v4SPD16_eabi.lib</file>
         <name>autoinit.c.obj</name>
      </input_file>
      <input_file id="fl-dc">
         <path>/home/sam/ti/ccs1240/ccs/tools/compiler/ti-cgt-arm_20.2.7.LTS/lib/</path>
         <kind>archive</kind>
         <file>rtsv7M4_T_le_v4SPD16_eabi.lib</file>
         <name>pre_init.c.obj</name>
      </input_file>
      <input_file id="fl-dd">
         <path>/home/sam/ti/ccs1240/ccs/tools/compiler/ti-cgt-arm_20.2.7.LTS/lib/</path>
         <kind>archive</kind>
         <file>rtsv7M4_T_le_v4SPD16_eabi.lib</file>
         <name>cpy_tbl.c.obj</name>
      </input_file>
      <input_file id="fl-de">
         <path>/home/sam/ti/ccs1240/ccs/tools/compiler/ti-cgt-arm_20.2.7.LTS/lib/</path>
         <kind>archive</kind>
         <file>rtsv7M4_T_le_v4SPD16_eabi.lib</file>
         <name>exit.c.obj</name>
      </input_file>
      <input_file id="fl-df">
         <path>/home/sam/ti/ccs1240/ccs/tools/compiler/ti-cgt-arm_20.2.7.LTS/lib/</path>
         <kind>archive</kind>
         <file>rtsv7M4_T_le_v4SPD16_eabi.lib</file>
         <name>_lock.c.obj</name>
      </input_file>
      <input_file id="fl-e0">
         <path>/home/sam/ti/ccs1240/ccs/tools/compiler/ti-cgt-arm_20.2.7.LTS/lib/</path>
         <kind>archive</kind>
         <file>rtsv7M4_T_le_v4SPD16_eabi.lib</file>
         <name>_ltoa.c.obj</name>
      </input_file>
      <input_file id="fl-e1">
         <path>/home/sam/ti/ccs1240/ccs/tools/compiler/ti-cgt-arm_20.2.7.LTS/lib/</path>
         <kind>archive</kind>
         <file>rtsv7M4_T_le_v4SPD16_eabi.lib</file>
         <name>args_main.c.obj</name>
      </input_file>
      <input_file id="fl-e2">
         <path>/home/sam/ti/ccs1240/ccs/tools/compiler/ti-cgt-arm_20.2.7.LTS/lib/</path>
         <kind>archive</kind>
         <file>rtsv7M4_T_le_v4SPD16_eabi.lib</file>
         <name>atoi.c.obj</name>
      </input_file>
      <input_file id="fl-e3">
         <path>/home/sam/ti/ccs1240/ccs/tools/compiler/ti-cgt-arm_20.2.7.LTS/lib/</path>
         <kind>archive</kind>
         <file>rtsv7M4_T_le_v4SPD16_eabi.lib</file>
         <name>ctype.c.obj</name>
      </input_file>
      <input_file id="fl-e4">
         <path>/home/sam/ti/ccs1240/ccs/tools/compiler/ti-cgt-arm_20.2.7.LTS/lib/</path>
         <kind>archive</kind>
         <file>rtsv7M4_T_le_v4SPD16_eabi.lib</file>
         <name>memccpy.c.obj</name>
      </input_file>
      <input_file id="fl-e5">
         <path>/home/sam/ti/ccs1240/ccs/tools/compiler/ti-cgt-arm_20.2.7.LTS/lib/</path>
         <kind>archive</kind>
         <file>rtsv7M4_T_le_v4SPD16_eabi.lib</file>
         <name>memchr.c.obj</name>
      </input_file>
      <input_file id="fl-e6">
         <path>/home/sam/ti/ccs1240/ccs/tools/compiler/ti-cgt-arm_20.2.7.LTS/lib/</path>
         <kind>archive</kind>
         <file>rtsv7M4_T_le_v4SPD16_eabi.lib</file>
         <name>memory.c.obj</name>
      </input_file>
      <input_file id="fl-e7">
         <path>/home/sam/ti/ccs1240/ccs/tools/compiler/ti-cgt-arm_20.2.7.LTS/lib/</path>
         <kind>archive</kind>
         <file>rtsv7M4_T_le_v4SPD16_eabi.lib</file>
         <name>strchr.c.obj</name>
      </input_file>
      <input_file id="fl-e8">
         <path>/home/sam/ti/ccs1240/ccs/tools/compiler/ti-cgt-arm_20.2.7.LTS/lib/</path>
         <kind>archive</kind>
         <file>rtsv7M4_T_le_v4SPD16_eabi.lib</file>
         <name>strlen.c.obj</name>
      </input_file>
      <input_file id="fl-e9">
         <path>/home/sam/ti/ccs1240/ccs/tools/compiler/ti-cgt-arm_20.2.7.LTS/lib/</path>
         <kind>archive</kind>
         <file>rtsv7M4_T_le_v4SPD16_eabi.lib</file>
         <name>write.c.obj</name>
      </input_file>
      <input_file id="fl-ea">
         <path>/home/sam/ti/ccs1240/ccs/tools/compiler/ti-cgt-arm_20.2.7.LTS/lib/</path>
         <kind>archive</kind>
         <file>rtsv7M4_T_le_v4SPD16_eabi.lib</file>
         <name>host_device.c.obj</name>
      </input_file>
      <input_file id="fl-eb">
         <path>/home/sam/ti/ccs1240/ccs/tools/compiler/ti-cgt-arm_20.2.7.LTS/lib/</path>
         <kind>archive</kind>
         <file>rtsv7M4_T_le_v4SPD16_eabi.lib</file>
         <name>errno.c.obj</name>
      </input_file>
      <input_file id="fl-ec">
         <path>/home/sam/ti/ccs1240/ccs/tools/compiler/ti-cgt-arm_20.2.7.LTS/lib/</path>
         <kind>archive</kind>
         <file>rtsv7M4_T_le_v4SPD16_eabi.lib</file>
         <name>wcslen.c.obj</name>
      </input_file>
      <input_file id="fl-ed">
         <path>/home/sam/ti/ccs1240/ccs/tools/compiler/ti-cgt-arm_20.2.7.LTS/lib/</path>
         <kind>archive</kind>
         <file>rtsv7M4_T_le_v4SPD16_eabi.lib</file>
         <name>s_frexp.c.obj</name>
      </input_file>
      <input_file id="fl-ee">
         <path>/home/sam/ti/ccs1240/ccs/tools/compiler/ti-cgt-arm_20.2.7.LTS/lib/</path>
         <kind>archive</kind>
         <file>rtsv7M4_T_le_v4SPD16_eabi.lib</file>
         <name>s_scalbn.c.obj</name>
      </input_file>
      <input_file id="fl-ef">
         <path>/home/sam/ti/ccs1240/ccs/tools/compiler/ti-cgt-arm_20.2.7.LTS/lib/</path>
         <kind>archive</kind>
         <file>rtsv7M4_T_le_v4SPD16_eabi.lib</file>
         <name>fopen.c.obj</name>
      </input_file>
      <input_file id="fl-f0">
         <path>/home/sam/ti/ccs1240/ccs/tools/compiler/ti-cgt-arm_20.2.7.LTS/lib/</path>
         <kind>archive</kind>
         <file>rtsv7M4_T_le_v4SPD16_eabi.lib</file>
         <name>fseek.c.obj</name>
      </input_file>
      <input_file id="fl-f1">
         <path>/home/sam/ti/ccs1240/ccs/tools/compiler/ti-cgt-arm_20.2.7.LTS/lib/</path>
         <kind>archive</kind>
         <file>rtsv7M4_T_le_v4SPD16_eabi.lib</file>
         <name>div0.asm.obj</name>
      </input_file>
      <input_file id="fl-f2">
         <path>/home/sam/ti/ccs1240/ccs/tools/compiler/ti-cgt-arm_20.2.7.LTS/lib/</path>
         <kind>archive</kind>
         <file>rtsv7M4_T_le_v4SPD16_eabi.lib</file>
         <name>hostclose.c.obj</name>
      </input_file>
      <input_file id="fl-f3">
         <path>/home/sam/ti/ccs1240/ccs/tools/compiler/ti-cgt-arm_20.2.7.LTS/lib/</path>
         <kind>archive</kind>
         <file>rtsv7M4_T_le_v4SPD16_eabi.lib</file>
         <name>hostlseek.c.obj</name>
      </input_file>
      <input_file id="fl-f4">
         <path>/home/sam/ti/ccs1240/ccs/tools/compiler/ti-cgt-arm_20.2.7.LTS/lib/</path>
         <kind>archive</kind>
         <file>rtsv7M4_T_le_v4SPD16_eabi.lib</file>
         <name>hostopen.c.obj</name>
      </input_file>
      <input_file id="fl-f5">
         <path>/home/sam/ti/ccs1240/ccs/tools/compiler/ti-cgt-arm_20.2.7.LTS/lib/</path>
         <kind>archive</kind>
         <file>rtsv7M4_T_le_v4SPD16_eabi.lib</file>
         <name>hostread.c.obj</name>
      </input_file>
      <input_file id="fl-f6">
         <path>/home/sam/ti/ccs1240/ccs/tools/compiler/ti-cgt-arm_20.2.7.LTS/lib/</path>
         <kind>archive</kind>
         <file>rtsv7M4_T_le_v4SPD16_eabi.lib</file>
         <name>hostrename.c.obj</name>
      </input_file>
      <input_file id="fl-f7">
         <path>/home/sam/ti/ccs1240/ccs/tools/compiler/ti-cgt-arm_20.2.7.LTS/lib/</path>
         <kind>archive</kind>
         <file>rtsv7M4_T_le_v4SPD16_eabi.lib</file>
         <name>hostunlink.c.obj</name>
      </input_file>
      <input_file id="fl-f8">
         <path>/home/sam/ti/ccs1240/ccs/tools/compiler/ti-cgt-arm_20.2.7.LTS/lib/</path>
         <kind>archive</kind>
         <file>rtsv7M4_T_le_v4SPD16_eabi.lib</file>
         <name>hostwrite.c.obj</name>
      </input_file>
      <input_file id="fl-f9">
         <path>/home/sam/ti/ccs1240/ccs/tools/compiler/ti-cgt-arm_20.2.7.LTS/lib/</path>
         <kind>archive</kind>
         <file>rtsv7M4_T_le_v4SPD16_eabi.lib</file>
         <name>trgmsg.c.obj</name>
      </input_file>
      <input_file id="fl-fa">
         <path>/home/sam/ti/ccs1240/ccs/tools/compiler/ti-cgt-arm_20.2.7.LTS/lib/</path>
         <kind>archive</kind>
         <file>rtsv7M4_T_le_v4SPD16_eabi.lib</file>
         <name>open.c.obj</name>
      </input_file>
      <input_file id="fl-fb">
         <path>/home/sam/ti/ccs1240/ccs/tools/compiler/ti-cgt-arm_20.2.7.LTS/lib/</path>
         <kind>archive</kind>
         <file>rtsv7M4_T_le_v4SPD16_eabi.lib</file>
         <name>lseek.c.obj</name>
      </input_file>
      <input_file id="fl-fc">
         <path>/home/sam/ti/ccs1240/ccs/tools/compiler/ti-cgt-arm_20.2.7.LTS/lib/</path>
         <kind>archive</kind>
         <file>rtsv7M4_T_le_v4SPD16_eabi.lib</file>
         <name>s_copysign.c.obj</name>
      </input_file>
      <input_file id="fl-fd">
         <path>/home/sam/ti/ccs1240/ccs/tools/compiler/ti-cgt-arm_20.2.7.LTS/lib/</path>
         <kind>archive</kind>
         <file>rtsv7M4_T_le_v4SPD16_eabi.lib</file>
         <name>fclose.c.obj</name>
      </input_file>
      <input_file id="fl-fe">
         <path>/home/sam/ti/ccs1240/ccs/tools/compiler/ti-cgt-arm_20.2.7.LTS/lib/</path>
         <kind>archive</kind>
         <file>rtsv7M4_T_le_v4SPD16_eabi.lib</file>
         <name>getdevice.c.obj</name>
      </input_file>
      <input_file id="fl-ff">
         <path>/home/sam/ti/ccs1240/ccs/tools/compiler/ti-cgt-arm_20.2.7.LTS/lib/</path>
         <kind>archive</kind>
         <file>rtsv7M4_T_le_v4SPD16_eabi.lib</file>
         <name>strcmp.c.obj</name>
      </input_file>
      <input_file id="fl-100">
         <path>/home/sam/ti/ccs1240/ccs/tools/compiler/ti-cgt-arm_20.2.7.LTS/lib/</path>
         <kind>archive</kind>
         <file>rtsv7M4_T_le_v4SPD16_eabi.lib</file>
         <name>strcpy.c.obj</name>
      </input_file>
      <input_file id="fl-101">
         <path>/home/sam/ti/ccs1240/ccs/tools/compiler/ti-cgt-arm_20.2.7.LTS/lib/</path>
         <kind>archive</kind>
         <file>rtsv7M4_T_le_v4SPD16_eabi.lib</file>
         <name>strncpy.c.obj</name>
      </input_file>
      <input_file id="fl-102">
         <path>/home/sam/ti/ccs1240/ccs/tools/compiler/ti-cgt-arm_20.2.7.LTS/lib/</path>
         <kind>archive</kind>
         <file>rtsv7M4_T_le_v4SPD16_eabi.lib</file>
         <name>remove.c.obj</name>
      </input_file>
      <input_file id="fl-103">
         <path>/home/sam/ti/ccs1240/ccs/tools/compiler/ti-cgt-arm_20.2.7.LTS/lib/</path>
         <kind>archive</kind>
         <file>rtsv7M4_T_le_v4SPD16_eabi.lib</file>
         <name>close.c.obj</name>
      </input_file>
      <input_file id="fl-104">
         <path>/home/sam/ti/ccs1240/ccs/tools/compiler/ti-cgt-arm_20.2.7.LTS/lib/</path>
         <kind>archive</kind>
         <file>rtsv7M4_T_le_v4SPD16_eabi.lib</file>
         <name>unlink.c.obj</name>
      </input_file>
      <input_file id="fl-105">
         <path>/home/sam/Desktop/embedded/simplelink_msp432p4_sdk_3_40_01_02/simplelink_msp432p4_sdk_3_40_01_02/source/ti/devices/msp432p4xx/driverlib/ccs/</path>
         <kind>archive</kind>
         <file>msp432p4xx_driverlib.lib</file>
         <name>adc14.o</name>
      </input_file>
      <input_file id="fl-106">
         <path>/home/sam/Desktop/embedded/simplelink_msp432p4_sdk_3_40_01_02/simplelink_msp432p4_sdk_3_40_01_02/source/ti/devices/msp432p4xx/driverlib/ccs/</path>
         <kind>archive</kind>
         <file>msp432p4xx_driverlib.lib</file>
         <name>cs.o</name>
      </input_file>
      <input_file id="fl-107">
         <path>/home/sam/Desktop/embedded/simplelink_msp432p4_sdk_3_40_01_02/simplelink_msp432p4_sdk_3_40_01_02/source/ti/devices/msp432p4xx/driverlib/ccs/</path>
         <kind>archive</kind>
         <file>msp432p4xx_driverlib.lib</file>
         <name>flash.o</name>
      </input_file>
      <input_file id="fl-108">
         <path>/home/sam/Desktop/embedded/simplelink_msp432p4_sdk_3_40_01_02/simplelink_msp432p4_sdk_3_40_01_02/source/ti/devices/msp432p4xx/driverlib/ccs/</path>
         <kind>archive</kind>
         <file>msp432p4xx_driverlib.lib</file>
         <name>gpio.o</name>
      </input_file>
      <input_file id="fl-109">
         <path>/home/sam/Desktop/embedded/simplelink_msp432p4_sdk_3_40_01_02/simplelink_msp432p4_sdk_3_40_01_02/source/ti/devices/msp432p4xx/driverlib/ccs/</path>
         <kind>archive</kind>
         <file>msp432p4xx_driverlib.lib</file>
         <name>interrupt.o</name>
      </input_file>
      <input_file id="fl-10a">
         <path>/home/sam/Desktop/embedded/simplelink_msp432p4_sdk_3_40_01_02/simplelink_msp432p4_sdk_3_40_01_02/source/ti/devices/msp432p4xx/driverlib/ccs/</path>
         <kind>archive</kind>
         <file>msp432p4xx_driverlib.lib</file>
         <name>pcm.o</name>
      </input_file>
      <input_file id="fl-10b">
         <path>/home/sam/Desktop/embedded/simplelink_msp432p4_sdk_3_40_01_02/simplelink_msp432p4_sdk_3_40_01_02/source/ti/devices/msp432p4xx/driverlib/ccs/</path>
         <kind>archive</kind>
         <file>msp432p4xx_driverlib.lib</file>
         <name>rtc_c.o</name>
      </input_file>
      <input_file id="fl-10c">
         <path>/home/sam/Desktop/embedded/simplelink_msp432p4_sdk_3_40_01_02/simplelink_msp432p4_sdk_3_40_01_02/source/ti/devices/msp432p4xx/driverlib/ccs/</path>
         <kind>archive</kind>
         <file>msp432p4xx_driverlib.lib</file>
         <name>spi.o</name>
      </input_file>
      <input_file id="fl-10d">
         <path>/home/sam/Desktop/embedded/simplelink_msp432p4_sdk_3_40_01_02/simplelink_msp432p4_sdk_3_40_01_02/source/ti/devices/msp432p4xx/driverlib/ccs/</path>
         <kind>archive</kind>
         <file>msp432p4xx_driverlib.lib</file>
         <name>sysctl.o</name>
      </input_file>
      <input_file id="fl-10e">
         <path>/home/sam/Desktop/embedded/simplelink_msp432p4_sdk_3_40_01_02/simplelink_msp432p4_sdk_3_40_01_02/source/ti/devices/msp432p4xx/driverlib/ccs/</path>
         <kind>archive</kind>
         <file>msp432p4xx_driverlib.lib</file>
         <name>sysctl_a.o</name>
      </input_file>
      <input_file id="fl-10f">
         <path>/home/sam/Desktop/embedded/simplelink_msp432p4_sdk_3_40_01_02/simplelink_msp432p4_sdk_3_40_01_02/source/ti/devices/msp432p4xx/driverlib/ccs/</path>
         <kind>archive</kind>
         <file>msp432p4xx_driverlib.lib</file>
         <name>timer_a.o</name>
      </input_file>
      <input_file id="fl-110">
         <path>/home/sam/Desktop/embedded/simplelink_msp432p4_sdk_3_40_01_02/simplelink_msp432p4_sdk_3_40_01_02/source/ti/devices/msp432p4xx/driverlib/ccs/</path>
         <kind>archive</kind>
         <file>msp432p4xx_driverlib.lib</file>
         <name>wdt_a.o</name>
      </input_file>
      <input_file id="fl-111">
         <path>/home/sam/Desktop/embedded/simplelink_msp432p4_sdk_3_40_01_02/simplelink_msp432p4_sdk_3_40_01_02/source/ti/devices/msp432p4xx/driverlib/ccs/</path>
         <kind>archive</kind>
         <file>msp432p4xx_driverlib.lib</file>
         <name>cpu.o</name>
      </input_file>
   </input_file_list>
   <object_component_list>
      <object_component id="oc-26">
         <name>.intvecs:retain</name>
         <load_address>0x0</load_address>
         <run_address>0x0</run_address>
         <size>0xe4</size>
         <input_file_ref idref="fl-3"/>
      </object_component>
      <object_component id="oc-bf">
         <name>.text</name>
         <load_address>0xe4</load_address>
         <run_address>0xe4</run_address>
         <size>0x2a64</size>
         <input_file_ref idref="fl-5"/>
      </object_component>
      <object_component id="oc-354">
         <name>.text:__TI_printfi</name>
         <load_address>0x2b48</load_address>
         <run_address>0x2b48</run_address>
         <size>0xa4e</size>
         <input_file_ref idref="fl-ce"/>
      </object_component>
      <object_component id="oc-3e0">
         <name>.text:_nop</name>
         <load_address>0x3596</load_address>
         <run_address>0x3596</run_address>
         <size>0x2</size>
         <input_file_ref idref="fl-df"/>
      </object_component>
      <object_component id="oc-22d">
         <name>.text</name>
         <load_address>0x3598</load_address>
         <run_address>0x3598</run_address>
         <size>0x680</size>
         <input_file_ref idref="fl-8"/>
      </object_component>
      <object_component id="oc-70">
         <name>.text</name>
         <load_address>0x3c18</load_address>
         <run_address>0x3c18</run_address>
         <size>0x484</size>
         <input_file_ref idref="fl-6"/>
      </object_component>
      <object_component id="oc-b2">
         <name>.text</name>
         <load_address>0x409c</load_address>
         <run_address>0x409c</run_address>
         <size>0x334</size>
         <input_file_ref idref="fl-4"/>
      </object_component>
      <object_component id="oc-470">
         <name>.text:_pconv_a</name>
         <load_address>0x43d0</load_address>
         <run_address>0x43d0</run_address>
         <size>0x270</size>
         <input_file_ref idref="fl-ce"/>
      </object_component>
      <object_component id="oc-45e">
         <name>.text:_pconv_g</name>
         <load_address>0x4640</load_address>
         <run_address>0x4640</run_address>
         <size>0x1d0</size>
         <input_file_ref idref="fl-ce"/>
      </object_component>
      <object_component id="oc-523">
         <name>.text</name>
         <load_address>0x4810</load_address>
         <run_address>0x4810</run_address>
         <size>0x1b6</size>
         <input_file_ref idref="fl-d3"/>
      </object_component>
      <object_component id="oc-5c2">
         <name>.text</name>
         <load_address>0x49c6</load_address>
         <run_address>0x49c6</run_address>
         <size>0x2</size>
         <input_file_ref idref="fl-f1"/>
      </object_component>
      <object_component id="oc-27d">
         <name>.text:_getIndexForMemRegister</name>
         <load_address>0x49c8</load_address>
         <run_address>0x49c8</run_address>
         <size>0x160</size>
         <input_file_ref idref="fl-105"/>
      </object_component>
      <object_component id="oc-4aa">
         <name>.text:__PCM_setPowerModeAdvanced</name>
         <load_address>0x4b28</load_address>
         <run_address>0x4b28</run_address>
         <size>0x15c</size>
         <input_file_ref idref="fl-10a"/>
      </object_component>
      <object_component id="oc-3aa">
         <name>.text:privateTimer_AProcessClockSourceDivider</name>
         <load_address>0x4c84</load_address>
         <run_address>0x4c84</run_address>
         <size>0x144</size>
         <input_file_ref idref="fl-10f"/>
      </object_component>
      <object_component id="oc-46a">
         <name>.text:_pconv_e</name>
         <load_address>0x4dc8</load_address>
         <run_address>0x4dc8</run_address>
         <size>0x13c</size>
         <input_file_ref idref="fl-ce"/>
      </object_component>
      <object_component id="oc-509">
         <name>.text</name>
         <load_address>0x4f04</load_address>
         <run_address>0x4f04</run_address>
         <size>0x136</size>
         <input_file_ref idref="fl-d5"/>
      </object_component>
      <object_component id="oc-1ca">
         <name>.text:CS_initClockSignal</name>
         <load_address>0x503c</load_address>
         <run_address>0x503c</run_address>
         <size>0x130</size>
         <input_file_ref idref="fl-106"/>
      </object_component>
      <object_component id="oc-535">
         <name>.text:fcvt</name>
         <load_address>0x516c</load_address>
         <run_address>0x516c</run_address>
         <size>0x124</size>
         <input_file_ref idref="fl-ce"/>
      </object_component>
      <object_component id="oc-149">
         <name>.text</name>
         <load_address>0x5290</load_address>
         <run_address>0x5290</run_address>
         <size>0x118</size>
         <input_file_ref idref="fl-7"/>
      </object_component>
      <object_component id="oc-330">
         <name>.text:fputs</name>
         <load_address>0x53a8</load_address>
         <run_address>0x53a8</run_address>
         <size>0x114</size>
         <input_file_ref idref="fl-d0"/>
      </object_component>
      <object_component id="oc-549">
         <name>.text:scalbn</name>
         <load_address>0x54bc</load_address>
         <run_address>0x54bc</run_address>
         <size>0x110</size>
         <input_file_ref idref="fl-ee"/>
      </object_component>
      <object_component id="oc-2f6">
         <name>.text:__PCM_setCoreVoltageLevelAdvanced</name>
         <load_address>0x55cc</load_address>
         <run_address>0x55cc</run_address>
         <size>0x108</size>
         <input_file_ref idref="fl-10a"/>
      </object_component>
      <object_component id="oc-608">
         <name>.text:aligned_alloc</name>
         <load_address>0x56d4</load_address>
         <run_address>0x56d4</run_address>
         <size>0x100</size>
         <input_file_ref idref="fl-e6"/>
      </object_component>
      <object_component id="oc-504">
         <name>.text</name>
         <load_address>0x57d4</load_address>
         <run_address>0x57d4</run_address>
         <size>0xfc</size>
         <input_file_ref idref="fl-d6"/>
      </object_component>
      <object_component id="oc-580">
         <name>.text:free</name>
         <load_address>0x58d0</load_address>
         <run_address>0x58d0</run_address>
         <size>0xe4</size>
         <input_file_ref idref="fl-e6"/>
      </object_component>
      <object_component id="oc-4c6">
         <name>.text:setvbuf</name>
         <load_address>0x59b4</load_address>
         <run_address>0x59b4</run_address>
         <size>0xdc</size>
         <input_file_ref idref="fl-d2"/>
      </object_component>
      <object_component id="oc-2ae">
         <name>.text:Timer_A_registerInterrupt</name>
         <load_address>0x5a90</load_address>
         <run_address>0x5a90</run_address>
         <size>0xd2</size>
         <input_file_ref idref="fl-10f"/>
      </object_component>
      <object_component id="oc-341">
         <name>.text</name>
         <load_address>0x5b64</load_address>
         <run_address>0x5b64</run_address>
         <size>0xcc</size>
         <input_file_ref idref="fl-9"/>
      </object_component>
      <object_component id="oc-107">
         <name>.text:ADC14_configureConversionMemory</name>
         <load_address>0x5c30</load_address>
         <run_address>0x5c30</run_address>
         <size>0xb4</size>
         <input_file_ref idref="fl-105"/>
      </object_component>
      <object_component id="oc-101">
         <name>.text:ADC14_configureMultiSequenceMode</name>
         <load_address>0x5ce4</load_address>
         <run_address>0x5ce4</run_address>
         <size>0xb4</size>
         <input_file_ref idref="fl-105"/>
      </object_component>
      <object_component id="oc-453">
         <name>.text:_ltostr</name>
         <load_address>0x5d98</load_address>
         <run_address>0x5d98</run_address>
         <size>0xb1</size>
         <input_file_ref idref="fl-ce"/>
      </object_component>
      <object_component id="oc-42f">
         <name>.text:SPI_initMaster</name>
         <load_address>0x5e4a</load_address>
         <run_address>0x5e4a</run_address>
         <size>0xb0</size>
         <input_file_ref idref="fl-10c"/>
      </object_component>
      <object_component id="oc-3a">
         <name>.text</name>
         <load_address>0x5efa</load_address>
         <run_address>0x5efa</run_address>
         <size>0x9c</size>
         <input_file_ref idref="fl-c7"/>
      </object_component>
      <object_component id="oc-4fd">
         <name>.text</name>
         <load_address>0x5f96</load_address>
         <run_address>0x5f96</run_address>
         <size>0x96</size>
         <input_file_ref idref="fl-da"/>
      </object_component>
      <object_component id="oc-ef">
         <name>.text:GPIO_setAsPeripheralModuleFunctionInputPin</name>
         <load_address>0x602c</load_address>
         <run_address>0x602c</run_address>
         <size>0x88</size>
         <input_file_ref idref="fl-108"/>
      </object_component>
      <object_component id="oc-e9">
         <name>.text:GPIO_setAsPeripheralModuleFunctionOutputPin</name>
         <load_address>0x60b4</load_address>
         <run_address>0x60b4</run_address>
         <size>0x88</size>
         <input_file_ref idref="fl-108"/>
      </object_component>
      <object_component id="oc-459">
         <name>.text:__aeabi_cdcmple</name>
         <load_address>0x613c</load_address>
         <run_address>0x613c</run_address>
         <size>0x86</size>
         <input_file_ref idref="fl-d4"/>
      </object_component>
      <object_component id="oc-50e">
         <name>.text:__aeabi_cdrcmple</name>
         <load_address>0x61c2</load_address>
         <run_address>0x61c2</run_address>
         <size>0x86</size>
         <input_file_ref idref="fl-d4"/>
      </object_component>
      <object_component id="oc-119">
         <name>.text:Interrupt_enableInterrupt</name>
         <load_address>0x6248</load_address>
         <run_address>0x6248</run_address>
         <size>0x80</size>
         <input_file_ref idref="fl-109"/>
      </object_component>
      <object_component id="oc-336">
         <name>.text:fflush</name>
         <load_address>0x62c8</load_address>
         <run_address>0x62c8</run_address>
         <size>0x7c</size>
         <input_file_ref idref="fl-cf"/>
      </object_component>
      <object_component id="oc-94">
         <name>.text</name>
         <load_address>0x6344</load_address>
         <run_address>0x6344</run_address>
         <size>0x7a</size>
         <input_file_ref idref="fl-d9"/>
      </object_component>
      <object_component id="oc-a0">
         <name>.text</name>
         <load_address>0x63c0</load_address>
         <run_address>0x63c0</run_address>
         <size>0x78</size>
         <input_file_ref idref="fl-2"/>
      </object_component>
      <object_component id="oc-2b4">
         <name>.text:Timer_A_generatePWM</name>
         <load_address>0x6438</load_address>
         <run_address>0x6438</run_address>
         <size>0x74</size>
         <input_file_ref idref="fl-10f"/>
      </object_component>
      <object_component id="oc-60f">
         <name>.text:__TI_closefile</name>
         <load_address>0x64ac</load_address>
         <run_address>0x64ac</run_address>
         <size>0x74</size>
         <input_file_ref idref="fl-fd"/>
      </object_component>
      <object_component id="oc-65e">
         <name>.text:split</name>
         <load_address>0x6520</load_address>
         <run_address>0x6520</run_address>
         <size>0x70</size>
         <input_file_ref idref="fl-e6"/>
      </object_component>
      <object_component id="oc-52e">
         <name>.text:_mcpy</name>
         <load_address>0x6590</load_address>
         <run_address>0x6590</run_address>
         <size>0x6e</size>
         <input_file_ref idref="fl-ce"/>
      </object_component>
      <object_component id="oc-63c">
         <name>.text:HOSTrename</name>
         <load_address>0x6600</load_address>
         <run_address>0x6600</run_address>
         <size>0x6c</size>
         <input_file_ref idref="fl-f6"/>
      </object_component>
      <object_component id="oc-630">
         <name>.text:HOSTlseek</name>
         <load_address>0x666c</load_address>
         <run_address>0x666c</run_address>
         <size>0x68</size>
         <input_file_ref idref="fl-f3"/>
      </object_component>
      <object_component id="oc-2a2">
         <name>.text:Timer_A_configureUpMode</name>
         <load_address>0x66d4</load_address>
         <run_address>0x66d4</run_address>
         <size>0x68</size>
         <input_file_ref idref="fl-10f"/>
      </object_component>
      <object_component id="oc-17">
         <name>.text:decompress:lzss:__TI_decompress_lzss</name>
         <load_address>0x673c</load_address>
         <run_address>0x673c</run_address>
         <size>0x68</size>
         <input_file_ref idref="fl-ca"/>
      </object_component>
      <object_component id="oc-543">
         <name>.text:frexp</name>
         <load_address>0x67a4</load_address>
         <run_address>0x67a4</run_address>
         <size>0x64</size>
         <input_file_ref idref="fl-ed"/>
      </object_component>
      <object_component id="oc-4c0">
         <name>.text:fseek</name>
         <load_address>0x6808</load_address>
         <run_address>0x6808</run_address>
         <size>0x64</size>
         <input_file_ref idref="fl-f0"/>
      </object_component>
      <object_component id="oc-3ff">
         <name>.text:__TI_wrt_ok</name>
         <load_address>0x686c</load_address>
         <run_address>0x686c</run_address>
         <size>0x62</size>
         <input_file_ref idref="fl-d1"/>
      </object_component>
      <object_component id="oc-618">
         <name>.text:HOSTopen</name>
         <load_address>0x68d0</load_address>
         <run_address>0x68d0</run_address>
         <size>0x60</size>
         <input_file_ref idref="fl-f4"/>
      </object_component>
      <object_component id="oc-3ca">
         <name>.text:PCM_getCoreVoltageLevel</name>
         <load_address>0x6930</load_address>
         <run_address>0x6930</run_address>
         <size>0x5e</size>
         <input_file_ref idref="fl-10a"/>
      </object_component>
      <object_component id="oc-266">
         <name>.text:Interrupt_registerInterrupt</name>
         <load_address>0x6990</load_address>
         <run_address>0x6990</run_address>
         <size>0x5c</size>
         <input_file_ref idref="fl-109"/>
      </object_component>
      <object_component id="oc-665">
         <name>.text:close</name>
         <load_address>0x69ec</load_address>
         <run_address>0x69ec</run_address>
         <size>0x5c</size>
         <input_file_ref idref="fl-103"/>
      </object_component>
      <object_component id="oc-3c4">
         <name>.text:PCM_getPowerMode</name>
         <load_address>0x6a48</load_address>
         <run_address>0x6a48</run_address>
         <size>0x5a</size>
         <input_file_ref idref="fl-10a"/>
      </object_component>
      <object_component id="oc-cb">
         <name>.text:GPIO_setAsInputPinWithPullUpResistor</name>
         <load_address>0x6aa4</load_address>
         <run_address>0x6aa4</run_address>
         <size>0x58</size>
         <input_file_ref idref="fl-108"/>
      </object_component>
      <object_component id="oc-624">
         <name>.text:HOSTread</name>
         <load_address>0x6afc</load_address>
         <run_address>0x6afc</run_address>
         <size>0x58</size>
         <input_file_ref idref="fl-f5"/>
      </object_component>
      <object_component id="oc-62a">
         <name>.text:HOSTwrite</name>
         <load_address>0x6b54</load_address>
         <run_address>0x6b54</run_address>
         <size>0x58</size>
         <input_file_ref idref="fl-f8"/>
      </object_component>
      <object_component id="oc-464">
         <name>.text:_pconv_f</name>
         <load_address>0x6bac</load_address>
         <run_address>0x6bac</run_address>
         <size>0x56</size>
         <input_file_ref idref="fl-ce"/>
      </object_component>
      <object_component id="oc-fb">
         <name>.text:ADC14_initModule</name>
         <load_address>0x6c04</load_address>
         <run_address>0x6c04</run_address>
         <size>0x54</size>
         <input_file_ref idref="fl-105"/>
      </object_component>
      <object_component id="oc-518">
         <name>.text:__TI_ltoa</name>
         <load_address>0x6c58</load_address>
         <run_address>0x6c58</run_address>
         <size>0x54</size>
         <input_file_ref idref="fl-e0"/>
      </object_component>
      <object_component id="oc-528">
         <name>.text:_ecpy</name>
         <load_address>0x6cac</load_address>
         <run_address>0x6cac</run_address>
         <size>0x52</size>
         <input_file_ref idref="fl-ce"/>
      </object_component>
      <object_component id="oc-155">
         <name>.text:Timer_A_getCounterValue</name>
         <load_address>0x6cfe</load_address>
         <run_address>0x6cfe</run_address>
         <size>0x4c</size>
         <input_file_ref idref="fl-10f"/>
      </object_component>
      <object_component id="oc-411">
         <name>.text:__TI_doflush</name>
         <load_address>0x6d4a</load_address>
         <run_address>0x6d4a</run_address>
         <size>0x4c</size>
         <input_file_ref idref="fl-cf"/>
      </object_component>
      <object_component id="oc-44d">
         <name>.text:atoi</name>
         <load_address>0x6d98</load_address>
         <run_address>0x6d98</run_address>
         <size>0x4c</size>
         <input_file_ref idref="fl-e2"/>
      </object_component>
      <object_component id="oc-1be">
         <name>.text:FlashCtl_setWaitState</name>
         <load_address>0x6de4</load_address>
         <run_address>0x6de4</run_address>
         <size>0x48</size>
         <input_file_ref idref="fl-107"/>
      </object_component>
      <object_component id="oc-1dd">
         <name>.text:exit</name>
         <load_address>0x6e2c</load_address>
         <run_address>0x6e2c</run_address>
         <size>0x48</size>
         <input_file_ref idref="fl-de"/>
      </object_component>
      <object_component id="oc-513">
         <name>.text</name>
         <load_address>0x6e74</load_address>
         <run_address>0x6e74</run_address>
         <size>0x48</size>
         <input_file_ref idref="fl-d7"/>
      </object_component>
      <object_component id="oc-61e">
         <name>.text:HOSTclose</name>
         <load_address>0x6ebc</load_address>
         <run_address>0x6ebc</run_address>
         <size>0x44</size>
         <input_file_ref idref="fl-f2"/>
      </object_component>
      <object_component id="oc-636">
         <name>.text:HOSTunlink</name>
         <load_address>0x6f00</load_address>
         <run_address>0x6f00</run_address>
         <size>0x44</size>
         <input_file_ref idref="fl-f7"/>
      </object_component>
      <object_component id="oc-1e3">
         <name>.text:__TI_auto_init_nobinit_nopinit:__TI_auto_init_nobinit_nopinit</name>
         <load_address>0x6f44</load_address>
         <run_address>0x6f44</run_address>
         <size>0x44</size>
         <input_file_ref idref="fl-db"/>
      </object_component>
      <object_component id="oc-69b">
         <name>.text:getdevice</name>
         <load_address>0x6f88</load_address>
         <run_address>0x6f88</run_address>
         <size>0x44</size>
         <input_file_ref idref="fl-fe"/>
      </object_component>
      <object_component id="oc-dd">
         <name>.text:GPIO_setAsOutputPin</name>
         <load_address>0x6fcc</load_address>
         <run_address>0x6fcc</run_address>
         <size>0x40</size>
         <input_file_ref idref="fl-108"/>
      </object_component>
      <object_component id="oc-4e0">
         <name>.text:is_A_Module</name>
         <load_address>0x700c</load_address>
         <run_address>0x700c</run_address>
         <size>0x40</size>
         <input_file_ref idref="fl-10c"/>
      </object_component>
      <object_component id="oc-233">
         <name>.text:sprintf</name>
         <load_address>0x704c</load_address>
         <run_address>0x704c</run_address>
         <size>0x40</size>
         <input_file_ref idref="fl-c6"/>
      </object_component>
      <object_component id="oc-53b">
         <name>.text:_fcpy</name>
         <load_address>0x708c</load_address>
         <run_address>0x708c</run_address>
         <size>0x3e</size>
         <input_file_ref idref="fl-ce"/>
      </object_component>
      <object_component id="oc-15b">
         <name>.text:ADC14_getEnabledInterruptStatus</name>
         <load_address>0x70cc</load_address>
         <run_address>0x70cc</run_address>
         <size>0x38</size>
         <input_file_ref idref="fl-105"/>
      </object_component>
      <object_component id="oc-674">
         <name>.text:__TI_writemsg</name>
         <load_address>0x7104</load_address>
         <run_address>0x7104</run_address>
         <size>0x38</size>
         <input_file_ref idref="fl-f9"/>
      </object_component>
      <object_component id="oc-6bd">
         <name>.text:strncpy</name>
         <load_address>0x713c</load_address>
         <run_address>0x713c</run_address>
         <size>0x36</size>
         <input_file_ref idref="fl-101"/>
      </object_component>
      <object_component id="oc-125">
         <name>.text:ADC14_enableSampleTimer</name>
         <load_address>0x7174</load_address>
         <run_address>0x7174</run_address>
         <size>0x34</size>
         <input_file_ref idref="fl-105"/>
      </object_component>
      <object_component id="oc-1c4">
         <name>.text:CS_setDCOCenteredFrequency</name>
         <load_address>0x71a8</load_address>
         <run_address>0x71a8</run_address>
         <size>0x34</size>
         <input_file_ref idref="fl-106"/>
      </object_component>
      <object_component id="oc-58c">
         <name>.text:__TI_cleanup</name>
         <load_address>0x71dc</load_address>
         <run_address>0x71dc</run_address>
         <size>0x34</size>
         <input_file_ref idref="fl-ef"/>
      </object_component>
      <object_component id="oc-67a">
         <name>.text:__TI_readmsg</name>
         <load_address>0x7210</load_address>
         <run_address>0x7210</run_address>
         <size>0x34</size>
         <input_file_ref idref="fl-f9"/>
      </object_component>
      <object_component id="oc-58">
         <name>.text:_c_int00_noargs:_c_int00_noargs</name>
         <load_address>0x7244</load_address>
         <run_address>0x7244</run_address>
         <size>0x34</size>
         <input_file_ref idref="fl-cd"/>
      </object_component>
      <object_component id="oc-161">
         <name>.text:ADC14_clearInterruptFlag</name>
         <load_address>0x7278</load_address>
         <run_address>0x7278</run_address>
         <size>0x30</size>
         <input_file_ref idref="fl-105"/>
      </object_component>
      <object_component id="oc-14f">
         <name>.text:ADC14_disableInterrupt</name>
         <load_address>0x72a8</load_address>
         <run_address>0x72a8</run_address>
         <size>0x30</size>
         <input_file_ref idref="fl-105"/>
      </object_component>
      <object_component id="oc-113">
         <name>.text:ADC14_enableInterrupt</name>
         <load_address>0x72d8</load_address>
         <run_address>0x72d8</run_address>
         <size>0x30</size>
         <input_file_ref idref="fl-105"/>
      </object_component>
      <object_component id="oc-10d">
         <name>.text:ADC14_setResultFormat</name>
         <load_address>0x7308</load_address>
         <run_address>0x7308</run_address>
         <size>0x30</size>
         <input_file_ref idref="fl-105"/>
      </object_component>
      <object_component id="oc-6c3">
         <name>.text:finddevice</name>
         <load_address>0x7338</load_address>
         <run_address>0x7338</run_address>
         <size>0x30</size>
         <input_file_ref idref="fl-fe"/>
      </object_component>
      <object_component id="oc-51e">
         <name>.text</name>
         <load_address>0x7368</load_address>
         <run_address>0x7368</run_address>
         <size>0x2e</size>
         <input_file_ref idref="fl-d8"/>
      </object_component>
      <object_component id="oc-2c6">
         <name>.text:ADC14_getInterruptStatus</name>
         <load_address>0x7398</load_address>
         <run_address>0x7398</run_address>
         <size>0x2c</size>
         <input_file_ref idref="fl-105"/>
      </object_component>
      <object_component id="oc-131">
         <name>.text:ADC14_toggleConversionTrigger</name>
         <load_address>0x73c4</load_address>
         <run_address>0x73c4</run_address>
         <size>0x2c</size>
         <input_file_ref idref="fl-105"/>
      </object_component>
      <object_component id="oc-24e">
         <name>.text:Timer_A_clearCaptureCompareInterrupt</name>
         <load_address>0x73f0</load_address>
         <run_address>0x73f0</run_address>
         <size>0x2c</size>
         <input_file_ref idref="fl-10f"/>
      </object_component>
      <object_component id="oc-2a8">
         <name>.text:Timer_A_enableCaptureCompareInterrupt</name>
         <load_address>0x741c</load_address>
         <run_address>0x741c</run_address>
         <size>0x2c</size>
         <input_file_ref idref="fl-10f"/>
      </object_component>
      <object_component id="oc-66b">
         <name>.text:unlink</name>
         <load_address>0x7448</load_address>
         <run_address>0x7448</run_address>
         <size>0x2c</size>
         <input_file_ref idref="fl-104"/>
      </object_component>
      <object_component id="oc-12b">
         <name>.text:ADC14_enableConversion</name>
         <load_address>0x7474</load_address>
         <run_address>0x7474</run_address>
         <size>0x28</size>
         <input_file_ref idref="fl-105"/>
      </object_component>
      <object_component id="oc-167">
         <name>.text:ADC14_getResult</name>
         <load_address>0x749c</load_address>
         <run_address>0x749c</run_address>
         <size>0x28</size>
         <input_file_ref idref="fl-105"/>
      </object_component>
      <object_component id="oc-c5">
         <name>.text:GPIO_clearInterruptFlag</name>
         <load_address>0x74c4</load_address>
         <run_address>0x74c4</run_address>
         <size>0x28</size>
         <input_file_ref idref="fl-108"/>
      </object_component>
      <object_component id="oc-d1">
         <name>.text:GPIO_enableInterrupt</name>
         <load_address>0x74ec</load_address>
         <run_address>0x74ec</run_address>
         <size>0x28</size>
         <input_file_ref idref="fl-108"/>
      </object_component>
      <object_component id="oc-29c">
         <name>.text:GPIO_setOutputHighOnPin</name>
         <load_address>0x7514</load_address>
         <run_address>0x7514</run_address>
         <size>0x28</size>
         <input_file_ref idref="fl-108"/>
      </object_component>
      <object_component id="oc-e3">
         <name>.text:GPIO_setOutputLowOnPin</name>
         <load_address>0x753c</load_address>
         <run_address>0x753c</run_address>
         <size>0x28</size>
         <input_file_ref idref="fl-108"/>
      </object_component>
      <object_component id="oc-1d0">
         <name>.text:PCM_gotoLPM0</name>
         <load_address>0x7564</load_address>
         <run_address>0x7564</run_address>
         <size>0x28</size>
         <input_file_ref idref="fl-10a"/>
      </object_component>
      <object_component id="oc-13d">
         <name>.text:Timer_A_setCompareValue</name>
         <load_address>0x758c</load_address>
         <run_address>0x758c</run_address>
         <size>0x28</size>
         <input_file_ref idref="fl-10f"/>
      </object_component>
      <object_component id="oc-601">
         <name>.text:free_list_insert</name>
         <load_address>0x75b4</load_address>
         <run_address>0x75b4</run_address>
         <size>0x28</size>
         <input_file_ref idref="fl-e6"/>
      </object_component>
      <object_component id="oc-578">
         <name>.text:lseek</name>
         <load_address>0x75dc</load_address>
         <run_address>0x75dc</run_address>
         <size>0x28</size>
         <input_file_ref idref="fl-fb"/>
      </object_component>
      <object_component id="oc-417">
         <name>.text:write</name>
         <load_address>0x7604</load_address>
         <run_address>0x7604</run_address>
         <size>0x28</size>
         <input_file_ref idref="fl-e9"/>
      </object_component>
      <object_component id="oc-b9">
         <name>.text:GPIO_getInterruptStatus</name>
         <load_address>0x762c</load_address>
         <run_address>0x762c</run_address>
         <size>0x24</size>
         <input_file_ref idref="fl-108"/>
      </object_component>
      <object_component id="oc-d7">
         <name>.text:GPIO_registerInterrupt</name>
         <load_address>0x7650</load_address>
         <run_address>0x7650</run_address>
         <size>0x24</size>
         <input_file_ref idref="fl-108"/>
      </object_component>
      <object_component id="oc-1ac">
         <name>.text:WDT_A_holdTimer</name>
         <load_address>0x7674</load_address>
         <run_address>0x7674</run_address>
         <size>0x24</size>
         <input_file_ref idref="fl-110"/>
      </object_component>
      <object_component id="oc-40b">
         <name>.text:memchr</name>
         <load_address>0x7698</load_address>
         <run_address>0x7698</run_address>
         <size>0x20</size>
         <input_file_ref idref="fl-e5"/>
      </object_component>
      <object_component id="oc-435">
         <name>.text:SPI_enableModule</name>
         <load_address>0x76b8</load_address>
         <run_address>0x76b8</run_address>
         <size>0x1c</size>
         <input_file_ref idref="fl-10c"/>
      </object_component>
      <object_component id="oc-227">
         <name>.text:_abort_msg</name>
         <load_address>0x76d4</load_address>
         <run_address>0x76d4</run_address>
         <size>0x1c</size>
         <input_file_ref idref="fl-cb"/>
      </object_component>
      <object_component id="oc-46">
         <name>.text:decompress:ZI:__TI_zero_init_nomemset:__TI_zero_init_nomemset</name>
         <load_address>0x76f0</load_address>
         <run_address>0x76f0</run_address>
         <size>0x1c</size>
         <input_file_ref idref="fl-c8"/>
      </object_component>
      <object_component id="oc-5fb">
         <name>.text:free_list_remove</name>
         <load_address>0x770c</load_address>
         <run_address>0x770c</run_address>
         <size>0x1c</size>
         <input_file_ref idref="fl-e6"/>
      </object_component>
      <object_component id="oc-476">
         <name>.text:memccpy</name>
         <load_address>0x7728</load_address>
         <run_address>0x7728</run_address>
         <size>0x1c</size>
         <input_file_ref idref="fl-e4"/>
      </object_component>
      <object_component id="oc-5db">
         <name>.text:copysign</name>
         <load_address>0x7744</load_address>
         <run_address>0x7744</run_address>
         <size>0x1a</size>
         <input_file_ref idref="fl-fc"/>
      </object_component>
      <object_component id="oc-35a">
         <name>.text:_outs</name>
         <load_address>0x775e</load_address>
         <run_address>0x775e</run_address>
         <size>0x18</size>
         <input_file_ref idref="fl-c6"/>
      </object_component>
      <object_component id="oc-6da">
         <name>.text:strcmp</name>
         <load_address>0x7776</load_address>
         <run_address>0x7776</run_address>
         <size>0x18</size>
         <input_file_ref idref="fl-ff"/>
      </object_component>
      <object_component id="oc-4e8">
         <name>.text:EUSCI_A_SPI_enable</name>
         <load_address>0x778e</load_address>
         <run_address>0x778e</run_address>
         <size>0x16</size>
         <input_file_ref idref="fl-10c"/>
      </object_component>
      <object_component id="oc-4ee">
         <name>.text:EUSCI_B_SPI_enable</name>
         <load_address>0x77a4</load_address>
         <run_address>0x77a4</run_address>
         <size>0x16</size>
         <input_file_ref idref="fl-10c"/>
      </object_component>
      <object_component id="oc-254">
         <name>.text:Timer_A_clearInterruptFlag</name>
         <load_address>0x77ba</load_address>
         <run_address>0x77ba</run_address>
         <size>0x16</size>
         <input_file_ref idref="fl-10f"/>
      </object_component>
      <object_component id="oc-143">
         <name>.text:Timer_A_startCounter</name>
         <load_address>0x77d0</load_address>
         <run_address>0x77d0</run_address>
         <size>0x16</size>
         <input_file_ref idref="fl-10f"/>
      </object_component>
      <object_component id="oc-54f">
         <name>.text:strchr</name>
         <load_address>0x77e6</load_address>
         <run_address>0x77e6</run_address>
         <size>0x16</size>
         <input_file_ref idref="fl-e7"/>
      </object_component>
      <object_component id="oc-3d0">
         <name>.text:PCM_getPowerState</name>
         <load_address>0x77fc</load_address>
         <run_address>0x77fc</run_address>
         <size>0x14</size>
         <input_file_ref idref="fl-10a"/>
      </object_component>
      <object_component id="oc-137">
         <name>.text:Timer_A_stopTimer</name>
         <load_address>0x7810</load_address>
         <run_address>0x7810</run_address>
         <size>0x14</size>
         <input_file_ref idref="fl-10f"/>
      </object_component>
      <object_component id="oc-68e">
         <name>.text:strcpy</name>
         <load_address>0x7824</load_address>
         <run_address>0x7824</run_address>
         <size>0x14</size>
         <input_file_ref idref="fl-100"/>
      </object_component>
      <object_component id="oc-405">
         <name>.text:strlen</name>
         <load_address>0x7838</load_address>
         <run_address>0x7838</run_address>
         <size>0x14</size>
         <input_file_ref idref="fl-e8"/>
      </object_component>
      <object_component id="oc-47c">
         <name>.text:wcslen</name>
         <load_address>0x784c</load_address>
         <run_address>0x784c</run_address>
         <size>0x12</size>
         <input_file_ref idref="fl-ec"/>
      </object_component>
      <object_component id="oc-276">
         <name>.text:ADCIsConversionRunning</name>
         <load_address>0x7860</load_address>
         <run_address>0x7860</run_address>
         <size>0x10</size>
         <input_file_ref idref="fl-105"/>
      </object_component>
      <object_component id="oc-1b2">
         <name>.text:Interrupt_disableMaster</name>
         <load_address>0x7870</load_address>
         <run_address>0x7870</run_address>
         <size>0x10</size>
         <input_file_ref idref="fl-109"/>
      </object_component>
      <object_component id="oc-11f">
         <name>.text:Interrupt_enableMaster</name>
         <load_address>0x7880</load_address>
         <run_address>0x7880</run_address>
         <size>0x10</size>
         <input_file_ref idref="fl-109"/>
      </object_component>
      <object_component id="oc-1b8">
         <name>.text:PCM_setCoreVoltageLevel</name>
         <load_address>0x7890</load_address>
         <run_address>0x7890</run_address>
         <size>0x10</size>
         <input_file_ref idref="fl-10a"/>
      </object_component>
      <object_component id="oc-3d6">
         <name>.text:PCM_setPowerMode</name>
         <load_address>0x78a0</load_address>
         <run_address>0x78a0</run_address>
         <size>0x10</size>
         <input_file_ref idref="fl-10a"/>
      </object_component>
      <object_component id="oc-1d">
         <name>.text:decompress:none:__TI_decompress_none</name>
         <load_address>0x78b0</load_address>
         <run_address>0x78b0</run_address>
         <size>0xe</size>
         <input_file_ref idref="fl-c9"/>
      </object_component>
      <object_component id="oc-6a">
         <name>.text</name>
         <load_address>0x78be</load_address>
         <run_address>0x78be</run_address>
         <size>0xe</size>
         <input_file_ref idref="fl-3"/>
      </object_component>
      <object_component id="oc-f5">
         <name>.text:ADC14_enableModule</name>
         <load_address>0x78cc</load_address>
         <run_address>0x78cc</run_address>
         <size>0xc</size>
         <input_file_ref idref="fl-105"/>
      </object_component>
      <object_component id="oc-2ef">
         <name>.text:CPU_cpsid</name>
         <load_address>0x78d8</load_address>
         <run_address>0x78d8</run_address>
         <size>0xc</size>
         <input_file_ref idref="fl-111"/>
      </object_component>
      <object_component id="oc-28f">
         <name>.text:CPU_cpsie</name>
         <load_address>0x78e4</load_address>
         <run_address>0x78e4</run_address>
         <size>0xc</size>
         <input_file_ref idref="fl-111"/>
      </object_component>
      <object_component id="oc-360">
         <name>.text:_outc</name>
         <load_address>0x78f0</load_address>
         <run_address>0x78f0</run_address>
         <size>0xa</size>
         <input_file_ref idref="fl-c6"/>
      </object_component>
      <object_component id="oc-482">
         <name>.text:__aeabi_errno_addr</name>
         <load_address>0x78fc</load_address>
         <run_address>0x78fc</run_address>
         <size>0x8</size>
         <input_file_ref idref="fl-eb"/>
      </object_component>
      <object_component id="oc-586">
         <name>.text:malloc</name>
         <load_address>0x7904</load_address>
         <run_address>0x7904</run_address>
         <size>0x8</size>
         <input_file_ref idref="fl-e6"/>
      </object_component>
      <object_component id="oc-300">
         <name>.text:CPU_wfi</name>
         <load_address>0x790c</load_address>
         <run_address>0x790c</run_address>
         <size>0x4</size>
         <input_file_ref idref="fl-111"/>
      </object_component>
      <object_component id="oc-9a">
         <name>.text:_system_pre_init</name>
         <load_address>0x7910</load_address>
         <run_address>0x7910</run_address>
         <size>0x4</size>
         <input_file_ref idref="fl-dc"/>
      </object_component>
      <object_component id="oc-1d7">
         <name>.text:abort:abort</name>
         <load_address>0x7914</load_address>
         <run_address>0x7914</run_address>
         <size>0x4</size>
         <input_file_ref idref="fl-de"/>
      </object_component>
      <object_component id="oc-371">
         <name>.const:.string:g_pucCm16Data</name>
         <load_address>0x7918</load_address>
         <run_address>0x7918</run_address>
         <size>0x759</size>
         <input_file_ref idref="fl-5"/>
      </object_component>
      <object_component id="oc-381">
         <name>.const:.string</name>
         <load_address>0x8074</load_address>
         <run_address>0x8074</run_address>
         <size>0x10a</size>
         <input_file_ref idref="fl-5"/>
      </object_component>
      <object_component id="oc-4f8">
         <name>.const:.string:_ctypes_</name>
         <load_address>0x817e</load_address>
         <run_address>0x817e</run_address>
         <size>0x101</size>
         <input_file_ref idref="fl-e3"/>
      </object_component>
      <object_component id="oc-23f">
         <name>.const:g_sFontCm16</name>
         <load_address>0x8280</load_address>
         <run_address>0x8280</run_address>
         <size>0xc8</size>
         <input_file_ref idref="fl-5"/>
      </object_component>
      <object_component id="oc-283">
         <name>.const:_ctlRegs</name>
         <load_address>0x8348</load_address>
         <run_address>0x8348</run_address>
         <size>0x80</size>
         <input_file_ref idref="fl-105"/>
      </object_component>
      <object_component id="oc-219">
         <name>.const:GPIO_PORT_TO_BASE</name>
         <load_address>0x83c8</load_address>
         <run_address>0x83c8</run_address>
         <size>0x30</size>
         <input_file_ref idref="fl-108"/>
      </object_component>
      <object_component id="oc-23c">
         <name>.const:g_sCrystalfontz128x128_funcs</name>
         <load_address>0x83f8</load_address>
         <run_address>0x83f8</run_address>
         <size>0x20</size>
         <input_file_ref idref="fl-8"/>
      </object_component>
      <object_component id="oc-43b">
         <name>.const:$P$T0$1</name>
         <load_address>0x8418</load_address>
         <run_address>0x8418</run_address>
         <size>0x1c</size>
         <input_file_ref idref="fl-9"/>
      </object_component>
      <object_component id="oc-26c">
         <name>.const:GPIO_PORT_TO_INT</name>
         <load_address>0x8434</load_address>
         <run_address>0x8434</run_address>
         <size>0x1c</size>
         <input_file_ref idref="fl-108"/>
      </object_component>
      <object_component id="oc-350">
         <name>.const:$P$T0$1</name>
         <load_address>0x8450</load_address>
         <run_address>0x8450</run_address>
         <size>0x8</size>
         <input_file_ref idref="fl-8"/>
      </object_component>
      <object_component id="oc-28b">
         <name>.const:g_pulEnRegs</name>
         <load_address>0x8458</load_address>
         <run_address>0x8458</run_address>
         <size>0x8</size>
         <input_file_ref idref="fl-109"/>
      </object_component>
      <object_component id="oc-71b">
         <name>.cinit..data.load</name>
         <load_address>0x8460</load_address>
         <run_address>0x8460</run_address>
         <size>0x131</size>
      </object_component>
      <object_component id="oc-718">
         <name>__TI_handler_table</name>
         <load_address>0x8594</load_address>
         <run_address>0x8594</run_address>
         <size>0xc</size>
      </object_component>
      <object_component id="oc-71c">
         <name>.cinit..bss.load</name>
         <load_address>0x85a0</load_address>
         <run_address>0x85a0</run_address>
         <size>0x8</size>
      </object_component>
      <object_component id="oc-71a">
         <name>.cinit..vtable.load</name>
         <load_address>0x85a8</load_address>
         <run_address>0x85a8</run_address>
         <size>0x8</size>
      </object_component>
      <object_component id="oc-719">
         <name>__TI_cinit_table</name>
         <load_address>0x85b0</load_address>
         <run_address>0x85b0</run_address>
         <size>0x18</size>
      </object_component>
      <object_component id="oc-6ec">
         <name>.binit</name>
         <load_address>0x0</load_address>
         <run_address>0x0</run_address>
         <size>0x0</size>
      </object_component>
      <object_component id="oc-388">
         <name>.vtable</name>
         <uninitialized>true</uninitialized>
         <run_address>0x20000000</run_address>
         <size>0xe8</size>
         <input_file_ref idref="fl-109"/>
      </object_component>
      <object_component id="oc-215">
         <name>.data</name>
         <load_address>0x20000880</load_address>
         <run_address>0x20000880</run_address>
         <size>0x4</size>
         <input_file_ref idref="fl-4"/>
      </object_component>
      <object_component id="oc-173">
         <name>.data</name>
         <load_address>0x2000081c</load_address>
         <run_address>0x2000081c</run_address>
         <size>0x16</size>
         <input_file_ref idref="fl-5"/>
      </object_component>
      <object_component id="oc-248">
         <name>.data:r</name>
         <load_address>0x20000870</load_address>
         <run_address>0x20000870</run_address>
         <size>0x8</size>
         <input_file_ref idref="fl-5"/>
      </object_component>
      <object_component id="oc-24b">
         <name>.data:menu</name>
         <load_address>0x200004e8</load_address>
         <run_address>0x200004e8</run_address>
         <size>0x108</size>
         <input_file_ref idref="fl-5"/>
      </object_component>
      <object_component id="oc-242">
         <name>.data:limits</name>
         <load_address>0x200007a8</load_address>
         <run_address>0x200007a8</run_address>
         <size>0x2c</size>
         <input_file_ref idref="fl-5"/>
      </object_component>
      <object_component id="oc-178">
         <name>.data:scorrendo</name>
         <load_address>0x20000832</load_address>
         <run_address>0x20000832</run_address>
         <size>0x2</size>
         <input_file_ref idref="fl-6"/>
      </object_component>
      <object_component id="oc-170">
         <name>.data</name>
         <load_address>0x20000884</load_address>
         <run_address>0x20000884</run_address>
         <size>0x3</size>
         <input_file_ref idref="fl-6"/>
      </object_component>
      <object_component id="oc-25a">
         <name>.data:led</name>
         <load_address>0x20000878</load_address>
         <run_address>0x20000878</run_address>
         <size>0x4</size>
         <input_file_ref idref="fl-6"/>
      </object_component>
      <object_component id="oc-2ba">
         <name>.data:confPrimary</name>
         <load_address>0x200007ec</load_address>
         <run_address>0x200007ec</run_address>
         <size>0x18</size>
         <input_file_ref idref="fl-7"/>
      </object_component>
      <object_component id="oc-2bd">
         <name>.data:confSecondary</name>
         <load_address>0x20000804</load_address>
         <run_address>0x20000804</run_address>
         <size>0x18</size>
         <input_file_ref idref="fl-7"/>
      </object_component>
      <object_component id="oc-2c0">
         <name>.data:confPWM</name>
         <load_address>0x200007d4</load_address>
         <run_address>0x200007d4</run_address>
         <size>0x18</size>
         <input_file_ref idref="fl-7"/>
      </object_component>
      <object_component id="oc-239">
         <name>.data:g_sCrystalfontz128x128</name>
         <load_address>0x20000834</load_address>
         <run_address>0x20000834</run_address>
         <size>0x10</size>
         <input_file_ref idref="fl-8"/>
      </object_component>
      <object_component id="oc-33c">
         <name>.data:_ftable</name>
         <load_address>0x200005f0</load_address>
         <run_address>0x200005f0</run_address>
         <size>0xf0</size>
         <input_file_ref idref="fl-cc"/>
      </object_component>
      <object_component id="oc-41f">
         <name>.data</name>
         <load_address>0x20000844</load_address>
         <run_address>0x20000844</run_address>
         <size>0x10</size>
         <input_file_ref idref="fl-cc"/>
      </object_component>
      <object_component id="oc-308">
         <name>.data:$O1$$</name>
         <load_address>0x20000854</load_address>
         <run_address>0x20000854</run_address>
         <size>0xc</size>
         <input_file_ref idref="fl-de"/>
      </object_component>
      <object_component id="oc-30b">
         <name>.data:$O1$$</name>
         <load_address>0x20000860</load_address>
         <run_address>0x20000860</run_address>
         <size>0x8</size>
         <input_file_ref idref="fl-df"/>
      </object_component>
      <object_component id="oc-659">
         <name>.data:$O1$$</name>
         <load_address>0x20000868</load_address>
         <run_address>0x20000868</run_address>
         <size>0x8</size>
         <input_file_ref idref="fl-e6"/>
      </object_component>
      <object_component id="oc-59f">
         <name>.data:_device</name>
         <load_address>0x200006e0</load_address>
         <run_address>0x200006e0</run_address>
         <size>0x78</size>
         <input_file_ref idref="fl-ea"/>
      </object_component>
      <object_component id="oc-4d3">
         <name>.data:_stream</name>
         <load_address>0x20000758</load_address>
         <run_address>0x20000758</run_address>
         <size>0x50</size>
         <input_file_ref idref="fl-ea"/>
      </object_component>
      <object_component id="oc-55f">
         <name>.data</name>
         <load_address>0x2000087c</load_address>
         <run_address>0x2000087c</run_address>
         <size>0x4</size>
         <input_file_ref idref="fl-eb"/>
      </object_component>
      <object_component id="oc-17b">
         <name>.bss:res</name>
         <uninitialized>true</uninitialized>
         <run_address>0x20000a64</run_address>
         <size>0x8</size>
         <input_file_ref idref="fl-6"/>
      </object_component>
      <object_component id="oc-6a5">
         <name>.bss:_CIOBUF_</name>
         <uninitialized>true</uninitialized>
         <run_address>0x20000888</run_address>
         <size>0x120</size>
         <input_file_ref idref="fl-f9"/>
      </object_component>
      <object_component id="oc-176">
         <name>.common:up</name>
         <uninitialized>true</uninitialized>
         <run_address>0x20000a7c</run_address>
         <size>0x4</size>
      </object_component>
      <object_component id="oc-177">
         <name>.common:down</name>
         <uninitialized>true</uninitialized>
         <run_address>0x20000a74</run_address>
         <size>0x4</size>
      </object_component>
      <object_component id="oc-16d">
         <name>.common:time</name>
         <uninitialized>true</uninitialized>
         <run_address>0x20000a78</run_address>
         <size>0x4</size>
      </object_component>
      <object_component id="oc-245">
         <name>.common:g_sContext</name>
         <uninitialized>true</uninitialized>
         <run_address>0x20000a48</run_address>
         <size>0x1c</size>
      </object_component>
      <object_component id="oc-34f">
         <name>.common:Lcd_Orientation</name>
         <uninitialized>true</uninitialized>
         <run_address>0x20000a88</run_address>
         <size>0x1</size>
      </object_component>
      <object_component id="oc-347">
         <name>.common:Lcd_ScreenWidth</name>
         <uninitialized>true</uninitialized>
         <run_address>0x20000a82</run_address>
         <size>0x2</size>
      </object_component>
      <object_component id="oc-34a">
         <name>.common:Lcd_ScreenHeigth</name>
         <uninitialized>true</uninitialized>
         <run_address>0x20000a80</run_address>
         <size>0x2</size>
      </object_component>
      <object_component id="oc-34b">
         <name>.common:Lcd_PenSolid</name>
         <uninitialized>true</uninitialized>
         <run_address>0x20000a89</run_address>
         <size>0x1</size>
      </object_component>
      <object_component id="oc-34c">
         <name>.common:Lcd_FontSolid</name>
         <uninitialized>true</uninitialized>
         <run_address>0x20000a87</run_address>
         <size>0x1</size>
      </object_component>
      <object_component id="oc-34d">
         <name>.common:Lcd_FlagRead</name>
         <uninitialized>true</uninitialized>
         <run_address>0x20000a86</run_address>
         <size>0x1</size>
      </object_component>
      <object_component id="oc-34e">
         <name>.common:Lcd_TouchTrim</name>
         <uninitialized>true</uninitialized>
         <run_address>0x20000a84</run_address>
         <size>0x2</size>
      </object_component>
      <object_component id="oc-671">
         <name>.common:__TI_tmpnams</name>
         <uninitialized>true</uninitialized>
         <run_address>0x200009a8</run_address>
         <size>0xa0</size>
      </object_component>
      <object_component id="oc-680">
         <name>.common:parmbuf</name>
         <uninitialized>true</uninitialized>
         <run_address>0x20000a6c</run_address>
         <size>0x8</size>
      </object_component>
      <object_component id="oc-2c">
         <name>.sysmem</name>
         <uninitialized>true</uninitialized>
         <run_address>0x200000e8</run_address>
         <size>0x10</size>
         <input_file_ref idref="fl-e6"/>
      </object_component>
      <object_component id="oc-71f">
         <name>.sysmem</name>
         <uninitialized>true</uninitialized>
         <run_address>0x200000e8</run_address>
         <size>0x0</size>
      </object_component>
      <object_component id="oc-29">
         <name>.stack</name>
         <uninitialized>true</uninitialized>
         <run_address>0x2000fe00</run_address>
         <size>0x4</size>
         <input_file_ref idref="fl-cd"/>
      </object_component>
      <object_component id="oc-71e">
         <name>.stack</name>
         <uninitialized>true</uninitialized>
         <run_address>0x2000fe00</run_address>
         <size>0x0</size>
      </object_component>
      <object_component id="oc-16e">
         <name>.debug_info</name>
         <load_address>0x0</load_address>
         <run_address>0x0</run_address>
         <size>0x8e6</size>
         <input_file_ref idref="fl-2"/>
      </object_component>
      <object_component id="oc-a1">
         <name>.debug_info</name>
         <load_address>0x8e6</load_address>
         <run_address>0x8e6</run_address>
         <size>0x259</size>
         <input_file_ref idref="fl-2"/>
      </object_component>
      <object_component id="oc-2d1">
         <name>.debug_info</name>
         <load_address>0xb3f</load_address>
         <run_address>0xb3f</run_address>
         <size>0x37e2</size>
         <input_file_ref idref="fl-2"/>
      </object_component>
      <object_component id="oc-18b">
         <name>.debug_info</name>
         <load_address>0x4321</load_address>
         <run_address>0x4321</run_address>
         <size>0x26b</size>
         <input_file_ref idref="fl-2"/>
      </object_component>
      <object_component id="oc-2d6">
         <name>.debug_info</name>
         <load_address>0x458c</load_address>
         <run_address>0x458c</run_address>
         <size>0x1028</size>
         <input_file_ref idref="fl-2"/>
      </object_component>
      <object_component id="oc-25e">
         <name>.debug_info</name>
         <load_address>0x55b4</load_address>
         <run_address>0x55b4</run_address>
         <size>0x439</size>
         <input_file_ref idref="fl-2"/>
      </object_component>
      <object_component id="oc-3b7">
         <name>.debug_info</name>
         <load_address>0x59ed</load_address>
         <run_address>0x59ed</run_address>
         <size>0x341</size>
         <input_file_ref idref="fl-2"/>
      </object_component>
      <object_component id="oc-184">
         <name>.debug_info</name>
         <load_address>0x5d2e</load_address>
         <run_address>0x5d2e</run_address>
         <size>0x8b</size>
         <input_file_ref idref="fl-2"/>
      </object_component>
      <object_component id="oc-2e9">
         <name>.debug_info</name>
         <load_address>0x5db9</load_address>
         <run_address>0x5db9</run_address>
         <size>0x2a4</size>
         <input_file_ref idref="fl-2"/>
      </object_component>
      <object_component id="oc-2db">
         <name>.debug_info</name>
         <load_address>0x605d</load_address>
         <run_address>0x605d</run_address>
         <size>0xef</size>
         <input_file_ref idref="fl-2"/>
      </object_component>
      <object_component id="oc-17f">
         <name>.debug_info</name>
         <load_address>0x614c</load_address>
         <run_address>0x614c</run_address>
         <size>0xbb</size>
         <input_file_ref idref="fl-2"/>
      </object_component>
      <object_component id="oc-368">
         <name>.debug_info</name>
         <load_address>0x6207</load_address>
         <run_address>0x6207</run_address>
         <size>0x2c</size>
         <input_file_ref idref="fl-2"/>
      </object_component>
      <object_component id="oc-43f">
         <name>.debug_info</name>
         <load_address>0x6233</load_address>
         <run_address>0x6233</run_address>
         <size>0x131</size>
         <input_file_ref idref="fl-2"/>
      </object_component>
      <object_component id="oc-78">
         <name>.debug_info</name>
         <load_address>0x6364</load_address>
         <run_address>0x6364</run_address>
         <size>0x2cc</size>
         <input_file_ref idref="fl-3"/>
      </object_component>
      <object_component id="oc-27">
         <name>.debug_info</name>
         <load_address>0x6630</load_address>
         <run_address>0x6630</run_address>
         <size>0xf8</size>
         <input_file_ref idref="fl-3"/>
      </object_component>
      <object_component id="oc-6b">
         <name>.debug_info</name>
         <load_address>0x6728</load_address>
         <run_address>0x6728</run_address>
         <size>0x1bf</size>
         <input_file_ref idref="fl-3"/>
      </object_component>
      <object_component id="oc-35">
         <name>.debug_info</name>
         <load_address>0x68e7</load_address>
         <run_address>0x68e7</run_address>
         <size>0x84</size>
         <input_file_ref idref="fl-3"/>
      </object_component>
      <object_component id="oc-49a">
         <name>.debug_info</name>
         <load_address>0x696b</load_address>
         <run_address>0x696b</run_address>
         <size>0x53a</size>
         <input_file_ref idref="fl-4"/>
      </object_component>
      <object_component id="oc-216">
         <name>.debug_info</name>
         <load_address>0x6ea5</load_address>
         <run_address>0x6ea5</run_address>
         <size>0xf1</size>
         <input_file_ref idref="fl-4"/>
[...]
      </symbol>
      <symbol id="sm-9b9">
         <name>ldexpl</name>
         <value>0x54bd</value>
         <object_component_ref idref="oc-549"/>
      </symbol>
      <symbol id="sm-9ba">
         <name>ldexp</name>
         <value>0x54bd</value>
         <object_component_ref idref="oc-549"/>
      </symbol>
      <symbol id="sm-9ca">
         <name>__TI_cleanup</name>
         <value>0x71dd</value>
         <object_component_ref idref="oc-58c"/>
      </symbol>
      <symbol id="sm-9dc">
         <name>fseek</name>
         <value>0x6809</value>
         <object_component_ref idref="oc-4c0"/>
      </symbol>
      <symbol id="sm-9e6">
         <name>__aeabi_idiv0</name>
         <value>0x49c7</value>
         <object_component_ref idref="oc-5c2"/>
      </symbol>
      <symbol id="sm-9e7">
         <name>__aeabi_ldiv0</name>
         <value>0x49c7</value>
         <object_component_ref idref="oc-5c2"/>
      </symbol>
      <symbol id="sm-9f8">
         <name>HOSTclose</name>
         <value>0x6ebd</value>
         <object_component_ref idref="oc-61e"/>
      </symbol>
      <symbol id="sm-a09">
         <name>HOSTlseek</name>
         <value>0x666d</value>
         <object_component_ref idref="oc-630"/>
      </symbol>
      <symbol id="sm-a1b">
         <name>parmbuf</name>
         <value>0x20000a6c</value>
      </symbol>
      <symbol id="sm-a1c">
         <name>HOSTopen</name>
         <value>0x68d1</value>
         <object_component_ref idref="oc-618"/>
      </symbol>
      <symbol id="sm-a2d">
         <name>HOSTread</name>
         <value>0x6afd</value>
         <object_component_ref idref="oc-624"/>
      </symbol>
      <symbol id="sm-a3e">
         <name>HOSTrename</name>
         <value>0x6601</value>
         <object_component_ref idref="oc-63c"/>
      </symbol>
      <symbol id="sm-a4f">
         <name>HOSTunlink</name>
         <value>0x6f01</value>
         <object_component_ref idref="oc-636"/>
      </symbol>
      <symbol id="sm-a60">
         <name>HOSTwrite</name>
         <value>0x6b55</value>
         <object_component_ref idref="oc-62a"/>
      </symbol>
      <symbol id="sm-a84">
         <name>__TI_readmsg</name>
         <value>0x7211</value>
         <object_component_ref idref="oc-67a"/>
      </symbol>
      <symbol id="sm-a85">
         <name>C$$IO$$</name>
         <value>0x7133</value>
         <object_component_ref idref="oc-674"/>
      </symbol>
      <symbol id="sm-a86">
         <name>__CIOBUF_</name>
         <value>0x20000888</value>
         <object_component_ref idref="oc-6a5"/>
      </symbol>
      <symbol id="sm-a87">
         <name>__TI_writemsg</name>
         <value>0x7105</value>
         <object_component_ref idref="oc-674"/>
      </symbol>
      <symbol id="sm-a98">
         <name>lseek</name>
         <value>0x75dd</value>
         <object_component_ref idref="oc-578"/>
      </symbol>
      <symbol id="sm-aa2">
         <name>copysign</name>
         <value>0x7745</value>
         <object_component_ref idref="oc-5db"/>
      </symbol>
      <symbol id="sm-aa3">
         <name>copysignl</name>
         <value>0x7745</value>
         <object_component_ref idref="oc-5db"/>
      </symbol>
      <symbol id="sm-ab8">
         <name>__TI_closefile</name>
         <value>0x64ad</value>
         <object_component_ref idref="oc-60f"/>
      </symbol>
      <symbol id="sm-adb">
         <name>finddevice</name>
         <value>0x7339</value>
         <object_component_ref idref="oc-6c3"/>
      </symbol>
      <symbol id="sm-adc">
         <name>getdevice</name>
         <value>0x6f89</value>
         <object_component_ref idref="oc-69b"/>
      </symbol>
      <symbol id="sm-aeb">
         <name>strcmp</name>
         <value>0x7777</value>
         <object_component_ref idref="oc-6da"/>
      </symbol>
      <symbol id="sm-af9">
         <name>strcpy</name>
         <value>0x7825</value>
         <object_component_ref idref="oc-68e"/>
      </symbol>
      <symbol id="sm-b09">
         <name>strncpy</name>
         <value>0x713d</value>
         <object_component_ref idref="oc-6bd"/>
      </symbol>
      <symbol id="sm-b1e">
         <name>close</name>
         <value>0x69ed</value>
         <object_component_ref idref="oc-665"/>
      </symbol>
      <symbol id="sm-b2e">
         <name>unlink</name>
         <value>0x7449</value>
         <object_component_ref idref="oc-66b"/>
      </symbol>
      <symbol id="sm-c52">
         <name>ADC14_setResultFormat</name>
         <value>0x7309</value>
         <object_component_ref idref="oc-10d"/>
      </symbol>
      <symbol id="sm-c53">
         <name>ADC14_enableInterrupt</name>
         <value>0x72d9</value>
         <object_component_ref idref="oc-113"/>
      </symbol>
      <symbol id="sm-c54">
         <name>ADC14_getInterruptStatus</name>
         <value>0x7399</value>
         <object_component_ref idref="oc-2c6"/>
      </symbol>
      <symbol id="sm-c55">
         <name>ADC14_enableSampleTimer</name>
         <value>0x7175</value>
         <object_component_ref idref="oc-125"/>
      </symbol>
      <symbol id="sm-c56">
         <name>ADC14_enableConversion</name>
         <value>0x7475</value>
         <object_component_ref idref="oc-12b"/>
      </symbol>
      <symbol id="sm-c57">
         <name>ADC14_toggleConversionTrigger</name>
         <value>0x73c5</value>
         <object_component_ref idref="oc-131"/>
      </symbol>
      <symbol id="sm-c58">
         <name>ADC14_getEnabledInterruptStatus</name>
         <value>0x70cd</value>
         <object_component_ref idref="oc-15b"/>
      </symbol>
      <symbol id="sm-c59">
         <name>ADC14_initModule</name>
         <value>0x6c05</value>
         <object_component_ref idref="oc-fb"/>
      </symbol>
      <symbol id="sm-c5a">
         <name>ADC14_configureMultiSequenceMode</name>
         <value>0x5ce5</value>
         <object_component_ref idref="oc-101"/>
      </symbol>
      <symbol id="sm-c5b">
         <name>ADC14_disableInterrupt</name>
         <value>0x72a9</value>
         <object_component_ref idref="oc-14f"/>
      </symbol>
      <symbol id="sm-c5c">
         <name>ADC14_clearInterruptFlag</name>
         <value>0x7279</value>
         <object_component_ref idref="oc-161"/>
      </symbol>
      <symbol id="sm-c5d">
         <name>ADC14_configureConversionMemory</name>
         <value>0x5c31</value>
         <object_component_ref idref="oc-107"/>
      </symbol>
      <symbol id="sm-c5e">
         <name>ADC14_enableModule</name>
         <value>0x78cd</value>
         <object_component_ref idref="oc-f5"/>
      </symbol>
      <symbol id="sm-c5f">
         <name>ADC14_getResult</name>
         <value>0x749d</value>
         <object_component_ref idref="oc-167"/>
      </symbol>
      <symbol id="sm-c8e">
         <name>CS_setDCOCenteredFrequency</name>
         <value>0x71a9</value>
         <object_component_ref idref="oc-1c4"/>
      </symbol>
      <symbol id="sm-c8f">
         <name>CS_initClockSignal</name>
         <value>0x503d</value>
         <object_component_ref idref="oc-1ca"/>
      </symbol>
      <symbol id="sm-c9e">
         <name>FlashCtl_setWaitState</name>
         <value>0x6de5</value>
         <object_component_ref idref="oc-1be"/>
      </symbol>
      <symbol id="sm-d1f">
         <name>GPIO_setOutputHighOnPin</name>
         <value>0x7515</value>
         <object_component_ref idref="oc-29c"/>
      </symbol>
      <symbol id="sm-d20">
         <name>GPIO_setAsInputPinWithPullUpResistor</name>
         <value>0x6aa5</value>
         <object_component_ref idref="oc-cb"/>
      </symbol>
      <symbol id="sm-d21">
         <name>GPIO_getInterruptStatus</name>
         <value>0x762d</value>
         <object_component_ref idref="oc-b9"/>
      </symbol>
      <symbol id="sm-d22">
         <name>GPIO_enableInterrupt</name>
         <value>0x74ed</value>
         <object_component_ref idref="oc-d1"/>
      </symbol>
      <symbol id="sm-d23">
         <name>GPIO_setAsOutputPin</name>
         <value>0x6fcd</value>
         <object_component_ref idref="oc-dd"/>
      </symbol>
      <symbol id="sm-d24">
         <name>GPIO_setOutputLowOnPin</name>
         <value>0x753d</value>
         <object_component_ref idref="oc-e3"/>
      </symbol>
      <symbol id="sm-d25">
         <name>GPIO_clearInterruptFlag</name>
         <value>0x74c5</value>
         <object_component_ref idref="oc-c5"/>
      </symbol>
      <symbol id="sm-d26">
         <name>GPIO_setAsPeripheralModuleFunctionOutputPin</name>
         <value>0x60b5</value>
         <object_component_ref idref="oc-e9"/>
      </symbol>
      <symbol id="sm-d27">
         <name>GPIO_setAsPeripheralModuleFunctionInputPin</name>
         <value>0x602d</value>
         <object_component_ref idref="oc-ef"/>
      </symbol>
      <symbol id="sm-d28">
         <name>GPIO_registerInterrupt</name>
         <value>0x7651</value>
         <object_component_ref idref="oc-d7"/>
      </symbol>
      <symbol id="sm-d6a">
         <name>Interrupt_disableMaster</name>
         <value>0x7871</value>
         <object_component_ref idref="oc-1b2"/>
      </symbol>
      <symbol id="sm-d6b">
         <name>Interrupt_enableMaster</name>
         <value>0x7881</value>
         <object_component_ref idref="oc-11f"/>
      </symbol>
      <symbol id="sm-d6c">
         <name>Interrupt_enableInterrupt</name>
         <value>0x6249</value>
         <object_component_ref idref="oc-119"/>
      </symbol>
      <symbol id="sm-d6d">
         <name>Interrupt_registerInterrupt</name>
         <value>0x6991</value>
         <object_component_ref idref="oc-266"/>
      </symbol>
      <symbol id="sm-d6e">
         <name>g_pfnRAMVectors</name>
         <value>0x20000000</value>
         <object_component_ref idref="oc-388"/>
      </symbol>
      <symbol id="sm-df9">
         <name>PCM_setCoreVoltageLevel</name>
         <value>0x7891</value>
         <object_component_ref idref="oc-1b8"/>
      </symbol>
      <symbol id="sm-dfa">
         <name>PCM_getCoreVoltageLevel</name>
         <value>0x6931</value>
         <object_component_ref idref="oc-3ca"/>
      </symbol>
      <symbol id="sm-dfb">
         <name>PCM_getPowerMode</name>
         <value>0x6a49</value>
         <object_component_ref idref="oc-3c4"/>
      </symbol>
      <symbol id="sm-dfc">
         <name>PCM_getPowerState</name>
         <value>0x77fd</value>
         <object_component_ref idref="oc-3d0"/>
      </symbol>
      <symbol id="sm-dfd">
         <name>PCM_gotoLPM0</name>
         <value>0x7565</value>
         <object_component_ref idref="oc-1d0"/>
      </symbol>
      <symbol id="sm-dfe">
         <name>PCM_setPowerMode</name>
         <value>0x78a1</value>
         <object_component_ref idref="oc-3d6"/>
      </symbol>
      <symbol id="sm-e3e">
         <name>EUSCI_B_SPI_enable</name>
         <value>0x77a5</value>
         <object_component_ref idref="oc-4ee"/>
      </symbol>
      <symbol id="sm-e3f">
         <name>SPI_enableModule</name>
         <value>0x76b9</value>
         <object_component_ref idref="oc-435"/>
      </symbol>
      <symbol id="sm-e40">
         <name>EUSCI_A_SPI_enable</name>
         <value>0x778f</value>
         <object_component_ref idref="oc-4e8"/>
      </symbol>
      <symbol id="sm-e41">
         <name>SPI_initMaster</name>
         <value>0x5e4b</value>
         <object_component_ref idref="oc-42f"/>
      </symbol>
      <symbol id="sm-ecf">
         <name>Timer_A_enableCaptureCompareInterrupt</name>
         <value>0x741d</value>
         <object_component_ref idref="oc-2a8"/>
      </symbol>
      <symbol id="sm-ed0">
         <name>Timer_A_getCounterValue</name>
         <value>0x6cff</value>
         <object_component_ref idref="oc-155"/>
      </symbol>
      <symbol id="sm-ed1">
         <name>Timer_A_setCompareValue</name>
         <value>0x758d</value>
         <object_component_ref idref="oc-13d"/>
      </symbol>
      <symbol id="sm-ed2">
         <name>Timer_A_clearCaptureCompareInterrupt</name>
         <value>0x73f1</value>
         <object_component_ref idref="oc-24e"/>
      </symbol>
      <symbol id="sm-ed3">
         <name>Timer_A_registerInterrupt</name>
         <value>0x5a91</value>
         <object_component_ref idref="oc-2ae"/>
      </symbol>
      <symbol id="sm-ed4">
         <name>Timer_A_generatePWM</name>
         <value>0x6439</value>
         <object_component_ref idref="oc-2b4"/>
      </symbol>
      <symbol id="sm-ed5">
         <name>Timer_A_startCounter</name>
         <value>0x77d1</value>
         <object_component_ref idref="oc-143"/>
      </symbol>
      <symbol id="sm-ed6">
         <name>Timer_A_stopTimer</name>
         <value>0x7811</value>
         <object_component_ref idref="oc-137"/>
      </symbol>
      <symbol id="sm-ed7">
         <name>Timer_A_clearInterruptFlag</name>
         <value>0x77bb</value>
         <object_component_ref idref="oc-254"/>
      </symbol>
      <symbol id="sm-ed8">
         <name>Timer_A_configureUpMode</name>
         <value>0x66d5</value>
         <object_component_ref idref="oc-2a2"/>
      </symbol>
      <symbol id="sm-ee4">
         <name>WDT_A_holdTimer</name>
         <value>0x7675</value>
         <object_component_ref idref="oc-1ac"/>
      </symbol>
      <symbol id="sm-efe">
         <name>CPU_wfi</name>
         <value>0x790d</value>
         <object_component_ref idref="oc-300"/>
      </symbol>
      <symbol id="sm-eff">
         <name>CPU_cpsie</name>
         <value>0x78e5</value>
         <object_component_ref idref="oc-28f"/>
      </symbol>
      <symbol id="sm-f00">
         <name>CPU_cpsid</name>
         <value>0x78d9</value>
         <object_component_ref idref="oc-2ef"/>
      </symbol>
      <symbol id="sm-f01">
         <name>__TI_static_base__</name>
         <value>0x0</value>
      </symbol>
      <symbol id="sm-f04">
         <name>__mpu_init</name>
         <value>0x0</value>
      </symbol>
      <symbol id="sm-f05">
         <name>_system_post_cinit</name>
         <value>0x0</value>
      </symbol>
      <symbol id="sm-f06">
         <name>NMI_Handler</name>
         <value>0x78cb</value>
      </symbol>
      <symbol id="sm-f07">
         <name>HardFault_Handler</name>
         <value>0x78cb</value>
      </symbol>
      <symbol id="sm-f08">
         <name>MemManage_Handler</name>
         <value>0x78cb</value>
      </symbol>
      <symbol id="sm-f09">
         <name>BusFault_Handler</name>
         <value>0x78cb</value>
      </symbol>
      <symbol id="sm-f0a">
         <name>UsageFault_Handler</name>
         <value>0x78cb</value>
      </symbol>
      <symbol id="sm-f0b">
         <name>SVC_Handler</name>
         <value>0x78cb</value>
      </symbol>
      <symbol id="sm-f0c">
         <name>DebugMon_Handler</name>
         <value>0x78cb</value>
      </symbol>
      <symbol id="sm-f0d">
         <name>PendSV_Handler</name>
         <value>0x78cb</value>
      </symbol>
      <symbol id="sm-f0e">
         <name>SysTick_Handler</name>
         <value>0x78cb</value>
      </symbol>
      <symbol id="sm-f0f">
         <name>PSS_IRQHandler</name>
         <value>0x78cb</value>
      </symbol>
      <symbol id="sm-f10">
         <name>CS_IRQHandler</name>
         <value>0x78cb</value>
      </symbol>
      <symbol id="sm-f11">
         <name>PCM_IRQHandler</name>
         <value>0x78cb</value>
      </symbol>
      <symbol id="sm-f12">
         <name>WDT_A_IRQHandler</name>
         <value>0x78cb</value>
      </symbol>
      <symbol id="sm-f13">
         <name>FPU_IRQHandler</name>
         <value>0x78cb</value>
      </symbol>
      <symbol id="sm-f14">
         <name>FLCTL_IRQHandler</name>
         <value>0x78cb</value>
      </symbol>
      <symbol id="sm-f15">
         <name>COMP_E0_IRQHandler</name>
         <value>0x78cb</value>
      </symbol>
      <symbol id="sm-f16">
         <name>COMP_E1_IRQHandler</name>
         <value>0x78cb</value>
      </symbol>
      <symbol id="sm-f17">
         <name>TA0_0_IRQHandler</name>
         <value>0x78cb</value>
      </symbol>
      <symbol id="sm-f18">
         <name>TA0_N_IRQHandler</name>
         <value>0x78cb</value>
      </symbol>
      <symbol id="sm-f19">
         <name>TA1_0_IRQHandler</name>
         <value>0x78cb</value>
      </symbol>
      <symbol id="sm-f1a">
         <name>TA1_N_IRQHandler</name>
         <value>0x78cb</value>
      </symbol>
      <symbol id="sm-f1b">
         <name>TA2_0_IRQHandler</name>
         <value>0x78cb</value>
      </symbol>
      <symbol id="sm-f1c">
         <name>TA2_N_IRQHandler</name>
         <value>0x78cb</value>
      </symbol>
      <symbol id="sm-f1d">
         <name>TA3_0_IRQHandler</name>
         <value>0x78cb</value>
      </symbol>
      <symbol id="sm-f1e">
         <name>TA3_N_IRQHandler</name>
         <value>0x78cb</value>
      </symbol>
      <symbol id="sm-f1f">
         <name>EUSCIA0_IRQHandler</name>
         <value>0x78cb</value>
      </symbol>
      <symbol id="sm-f20">
         <name>EUSCIA1_IRQHandler</name>
         <value>0x78cb</value>
      </symbol>
      <symbol id="sm-f21">
         <name>EUSCIA2_IRQHandler</name>
         <value>0x78cb</value>
      </symbol>
      <symbol id="sm-f22">
         <name>EUSCIA3_IRQHandler</name>
         <value>0x78cb</value>
      </symbol>
      <symbol id="sm-f23">
         <name>EUSCIB0_IRQHandler</name>
         <value>0x78cb</value>
      </symbol>
      <symbol id="sm-f24">
         <name>EUSCIB1_IRQHandler</name>
         <value>0x78cb</value>
      </symbol>
      <symbol id="sm-f25">
         <name>EUSCIB2_IRQHandler</name>
         <value>0x78cb</value>
      </symbol>
      <symbol id="sm-f26">
         <name>EUSCIB3_IRQHandler</name>
         <value>0x78cb</value>
      </symbol>
      <symbol id="sm-f27">
         <name>ADC14_IRQHandler</name>
         <value>0x3fe3</value>
      </symbol>
      <symbol id="sm-f28">
         <name>T32_INT1_IRQHandler</name>
         <value>0x78cb</value>
      </symbol>
      <symbol id="sm-f29">
         <name>T32_INT2_IRQHandler</name>
         <value>0x78cb</value>
      </symbol>
      <symbol id="sm-f2a">
         <name>T32_INTC_IRQHandler</name>
         <value>0x78cb</value>
      </symbol>
      <symbol id="sm-f2b">
         <name>AES256_IRQHandler</name>
         <value>0x78cb</value>
      </symbol>
      <symbol id="sm-f2c">
         <name>RTC_C_IRQHandler</name>
         <value>0x78cb</value>
      </symbol>
      <symbol id="sm-f2d">
         <name>DMA_ERR_IRQHandler</name>
         <value>0x78cb</value>
      </symbol>
      <symbol id="sm-f2e">
         <name>DMA_INT3_IRQHandler</name>
         <value>0x78cb</value>
      </symbol>
      <symbol id="sm-f2f">
         <name>DMA_INT2_IRQHandler</name>
         <value>0x78cb</value>
      </symbol>
      <symbol id="sm-f30">
         <name>DMA_INT1_IRQHandler</name>
         <value>0x78cb</value>
      </symbol>
      <symbol id="sm-f31">
         <name>DMA_INT0_IRQHandler</name>
         <value>0x78cb</value>
      </symbol>
      <symbol id="sm-f32">
         <name>PORT1_IRQHandler</name>
         <value>0x78cb</value>
      </symbol>
      <symbol id="sm-f33">
         <name>PORT2_IRQHandler</name>
         <value>0x78cb</value>
      </symbol>
      <symbol id="sm-f34">
         <name>PORT3_IRQHandler</name>
         <value>0x78cb</value>
      </symbol>
      <symbol id="sm-f35">
         <name>PORT4_IRQHandler</name>
         <value>0x78cb</value>
      </symbol>
      <symbol id="sm-f36">
         <name>PORT5_IRQHandler</name>
         <value>0x78cb</value>
      </symbol>
      <symbol id="sm-f37">
         <name>PORT6_IRQHandler</name>
         <value>0x78cb</value>
      </symbol>
      <symbol id="sm-f38">
         <name>remove</name>
         <value>0x7449</value>
      </symbol>
   </symbol_table>
   <title>Link successful</title>
</link_info>
